Archive member included to satisfy reference by file (symbol)

/home/action/STM32F407/tools/toolchain/gcc-arm-none-eabi-10.3-2021.10/bin/../lib/gcc/arm-none-eabi/10.3.1/../../../../arm-none-eabi/lib/thumb/v7e-m+fp/hard/libc_nano.a(lib_a-exit.o)
                              /home/action/STM32F407/tools/toolchain/gcc-arm-none-eabi-10.3-2021.10/bin/../lib/gcc/arm-none-eabi/10.3.1/../../../../arm-none-eabi/lib/thumb/v7e-m+fp/hard/crt0.o (exit)
/home/action/STM32F407/tools/toolchain/gcc-arm-none-eabi-10.3-2021.10/bin/../lib/gcc/arm-none-eabi/10.3.1/../../../../arm-none-eabi/lib/thumb/v7e-m+fp/hard/libc_nano.a(lib_a-impure.o)
                              /home/action/STM32F407/tools/toolchain/gcc-arm-none-eabi-10.3-2021.10/bin/../lib/gcc/arm-none-eabi/10.3.1/../../../../arm-none-eabi/lib/thumb/v7e-m+fp/hard/libc_nano.a(lib_a-exit.o) (_global_impure_ptr)
/home/action/STM32F407/tools/toolchain/gcc-arm-none-eabi-10.3-2021.10/bin/../lib/gcc/arm-none-eabi/10.3.1/../../../../arm-none-eabi/lib/thumb/v7e-m+fp/hard/libc_nano.a(lib_a-init.o)
                              /home/action/STM32F407/tools/toolchain/gcc-arm-none-eabi-10.3-2021.10/bin/../lib/gcc/arm-none-eabi/10.3.1/../../../../arm-none-eabi/lib/thumb/v7e-m+fp/hard/crt0.o (__libc_init_array)
/home/action/STM32F407/tools/toolchain/gcc-arm-none-eabi-10.3-2021.10/bin/../lib/gcc/arm-none-eabi/10.3.1/../../../../arm-none-eabi/lib/thumb/v7e-m+fp/hard/libc_nano.a(lib_a-memchr.o)
                              output/xcplus_boot/third_lib/easylogger/src/elog.o (memchr)
/home/action/STM32F407/tools/toolchain/gcc-arm-none-eabi-10.3-2021.10/bin/../lib/gcc/arm-none-eabi/10.3.1/../../../../arm-none-eabi/lib/thumb/v7e-m+fp/hard/libc_nano.a(lib_a-memset.o)
                              /home/action/STM32F407/tools/toolchain/gcc-arm-none-eabi-10.3-2021.10/bin/../lib/gcc/arm-none-eabi/10.3.1/../../../../arm-none-eabi/lib/thumb/v7e-m+fp/hard/crt0.o (memset)
/home/action/STM32F407/tools/toolchain/gcc-arm-none-eabi-10.3-2021.10/bin/../lib/gcc/arm-none-eabi/10.3.1/../../../../arm-none-eabi/lib/thumb/v7e-m+fp/hard/libc_nano.a(lib_a-snprintf.o)
                              output/xcplus_boot/third_lib/easylogger/src/elog.o (snprintf)
/home/action/STM32F407/tools/toolchain/gcc-arm-none-eabi-10.3-2021.10/bin/../lib/gcc/arm-none-eabi/10.3.1/../../../../arm-none-eabi/lib/thumb/v7e-m+fp/hard/libc_nano.a(lib_a-sprintf.o)
                              output/xcplus_boot/third_lib/easylogger/port/elog_port.o (sprintf)
/home/action/STM32F407/tools/toolchain/gcc-arm-none-eabi-10.3-2021.10/bin/../lib/gcc/arm-none-eabi/10.3.1/../../../../arm-none-eabi/lib/thumb/v7e-m+fp/hard/libc_nano.a(lib_a-strlen.o)
                              output/xcplus_boot/third_lib/easylogger/src/elog.o (strlen)
/home/action/STM32F407/tools/toolchain/gcc-arm-none-eabi-10.3-2021.10/bin/../lib/gcc/arm-none-eabi/10.3.1/../../../../arm-none-eabi/lib/thumb/v7e-m+fp/hard/libc_nano.a(lib_a-strncmp.o)
                              output/xcplus_boot/third_lib/easylogger/src/elog.o (strncmp)
/home/action/STM32F407/tools/toolchain/gcc-arm-none-eabi-10.3-2021.10/bin/../lib/gcc/arm-none-eabi/10.3.1/../../../../arm-none-eabi/lib/thumb/v7e-m+fp/hard/libc_nano.a(lib_a-strncpy.o)
                              output/xcplus_boot/third_lib/easylogger/src/elog.o (strncpy)
/home/action/STM32F407/tools/toolchain/gcc-arm-none-eabi-10.3-2021.10/bin/../lib/gcc/arm-none-eabi/10.3.1/../../../../arm-none-eabi/lib/thumb/v7e-m+fp/hard/libc_nano.a(lib_a-strstr.o)
                              output/xcplus_boot/third_lib/easylogger/src/elog.o (strstr)
/home/action/STM32F407/tools/toolchain/gcc-arm-none-eabi-10.3-2021.10/bin/../lib/gcc/arm-none-eabi/10.3.1/../../../../arm-none-eabi/lib/thumb/v7e-m+fp/hard/libc_nano.a(lib_a-vsnprintf.o)
                              output/xcplus_boot/third_lib/easylogger/src/elog.o (vsnprintf)
/home/action/STM32F407/tools/toolchain/gcc-arm-none-eabi-10.3-2021.10/bin/../lib/gcc/arm-none-eabi/10.3.1/../../../../arm-none-eabi/lib/thumb/v7e-m+fp/hard/libc_nano.a(lib_a-nano-svfprintf.o)
                              /home/action/STM32F407/tools/toolchain/gcc-arm-none-eabi-10.3-2021.10/bin/../lib/gcc/arm-none-eabi/10.3.1/../../../../arm-none-eabi/lib/thumb/v7e-m+fp/hard/libc_nano.a(lib_a-snprintf.o) (_svfprintf_r)
/home/action/STM32F407/tools/toolchain/gcc-arm-none-eabi-10.3-2021.10/bin/../lib/gcc/arm-none-eabi/10.3.1/../../../../arm-none-eabi/lib/thumb/v7e-m+fp/hard/libc_nano.a(lib_a-nano-vfprintf_i.o)
                              /home/action/STM32F407/tools/toolchain/gcc-arm-none-eabi-10.3-2021.10/bin/../lib/gcc/arm-none-eabi/10.3.1/../../../../arm-none-eabi/lib/thumb/v7e-m+fp/hard/libc_nano.a(lib_a-nano-svfprintf.o) (_printf_i)
/home/action/STM32F407/tools/toolchain/gcc-arm-none-eabi-10.3-2021.10/bin/../lib/gcc/arm-none-eabi/10.3.1/../../../../arm-none-eabi/lib/thumb/v7e-m+fp/hard/libc_nano.a(lib_a-memcpy-stub.o)
[...]
Memory Configuration

Name             Origin             Length             Attributes
RAM              0x0000000020000000 0x0000000000020000 xrw
CCMRAM           0x0000000010000000 0x0000000000010000 xrw
FLASH            0x0000000008000000 0x0000000000080000 xr
*default*        0x0000000000000000 0xffffffffffffffff

Linker script and memory map

LOAD /home/action/STM32F407/tools/toolchain/gcc-arm-none-eabi-10.3-2021.10/bin/../lib/gcc/arm-none-eabi/10.3.1/thumb/v7e-m+fp/hard/crti.o
LOAD /home/action/STM32F407/tools/toolchain/gcc-arm-none-eabi-10.3-2021.10/bin/../lib/gcc/arm-none-eabi/10.3.1/thumb/v7e-m+fp/hard/crtbegin.o
LOAD /home/action/STM32F407/tools/toolchain/gcc-arm-none-eabi-10.3-2021.10/bin/../lib/gcc/arm-none-eabi/10.3.1/../../../../arm-none-eabi/lib/thumb/v7e-m+fp/hard/crt0.o
LOAD output/xcplus_boot/boot/arginfo.o
LOAD output/xcplus_boot/boot/bootloder.o
LOAD output/xcplus_boot/boot/button.o
LOAD output/xcplus_boot/boot/led.o
LOAD output/xcplus_boot/boot/low_level.o
LOAD output/xcplus_boot/boot/main.o
LOAD output/xcplus_boot/boot/norflash.o
LOAD output/xcplus_boot/boot/usart.o
LOAD output/xcplus_boot/boot/utils.o
LOAD output/xcplus_boot/platform/cmsis/device/startup_stm32f40_41xxx.o
LOAD output/xcplus_boot/platform/cmsis/device/system_stm32f4xx.o
LOAD output/xcplus_boot/platform/driver/src/misc.o
LOAD output/xcplus_boot/platform/driver/src/stm32f4xx_adc.o
LOAD output/xcplus_boot/platform/driver/src/stm32f4xx_can.o
LOAD output/xcplus_boot/platform/driver/src/stm32f4xx_cec.o
LOAD output/xcplus_boot/platform/driver/src/stm32f4xx_crc.o
LOAD output/xcplus_boot/platform/driver/src/stm32f4xx_cryp.o
LOAD output/xcplus_boot/platform/driver/src/stm32f4xx_cryp_aes.o
LOAD output/xcplus_boot/platform/driver/src/stm32f4xx_cryp_des.o
LOAD output/xcplus_boot/platform/driver/src/stm32f4xx_cryp_tdes.o
LOAD output/xcplus_boot/platform/driver/src/stm32f4xx_dac.o
LOAD output/xcplus_boot/platform/driver/src/stm32f4xx_dbgmcu.o
LOAD output/xcplus_boot/platform/driver/src/stm32f4xx_dcmi.o
LOAD output/xcplus_boot/platform/driver/src/stm32f4xx_dfsdm.o
LOAD output/xcplus_boot/platform/driver/src/stm32f4xx_dma.o
LOAD output/xcplus_boot/platform/driver/src/stm32f4xx_dma2d.o
LOAD output/xcplus_boot/platform/driver/src/stm32f4xx_dsi.o
LOAD output/xcplus_boot/platform/driver/src/stm32f4xx_exti.o
LOAD output/xcplus_boot/platform/driver/src/stm32f4xx_flash.o
LOAD output/xcplus_boot/platform/driver/src/stm32f4xx_flash_ramfunc.o
LOAD output/xcplus_boot/platform/driver/src/stm32f4xx_fmpi2c.o
LOAD output/xcplus_boot/platform/driver/src/stm32f4xx_fsmc.o
LOAD output/xcplus_boot/platform/driver/src/stm32f4xx_gpio.o
LOAD output/xcplus_boot/platform/driver/src/stm32f4xx_hash.o
LOAD output/xcplus_boot/platform/driver/src/stm32f4xx_hash_md5.o
LOAD output/xcplus_boot/platform/driver/src/stm32f4xx_hash_sha1.o
LOAD output/xcplus_boot/platform/driver/src/stm32f4xx_i2c.o
LOAD output/xcplus_boot/platform/driver/src/stm32f4xx_iwdg.o
LOAD output/xcplus_boot/platform/driver/src/stm32f4xx_lptim.o
LOAD output/xcplus_boot/platform/driver/src/stm32f4xx_ltdc.o
LOAD output/xcplus_boot/platform/driver/src/stm32f4xx_pwr.o
LOAD output/xcplus_boot/platform/driver/src/stm32f4xx_qspi.o
LOAD output/xcplus_boot/platform/driver/src/stm32f4xx_rcc.o
LOAD output/xcplus_boot/platform/driver/src/stm32f4xx_rng.o
LOAD output/xcplus_boot/platform/driver/src/stm32f4xx_rtc.o
LOAD output/xcplus_boot/platform/driver/src/stm32f4xx_sai.o
LOAD output/xcplus_boot/platform/driver/src/stm32f4xx_sdio.o
LOAD output/xcplus_boot/platform/driver/src/stm32f4xx_spdifrx.o
LOAD output/xcplus_boot/platform/driver/src/stm32f4xx_spi.o
LOAD output/xcplus_boot/platform/driver/src/stm32f4xx_syscfg.o
LOAD output/xcplus_boot/platform/driver/src/stm32f4xx_tim.o
LOAD output/xcplus_boot/platform/driver/src/stm32f4xx_usart.o
LOAD output/xcplus_boot/platform/driver/src/stm32f4xx_wwdg.o
LOAD output/xcplus_boot/third_lib/crc/crc32.o
LOAD output/xcplus_boot/third_lib/easylogger/port/elog_port.o
LOAD output/xcplus_boot/third_lib/easylogger/src/elog.o
LOAD output/xcplus_boot/third_lib/easylogger/src/elog_util.o
LOAD output/xcplus_boot/third_lib/ringbuffer/ringbuffer8.o
START GROUP
LOAD /home/action/STM32F407/tools/toolchain/gcc-arm-none-eabi-10.3-2021.10/bin/../lib/gcc/arm-none-eabi/10.3.1/../../../../arm-none-eabi/lib/thumb/v7e-m+fp/hard/libm.a
END GROUP
START GROUP
LOAD /home/action/STM32F407/tools/toolchain/gcc-arm-none-eabi-10.3-2021.10/bin/../lib/gcc/arm-none-eabi/10.3.1/thumb/v7e-m+fp/hard/libgcc.a
LOAD /home/action/STM32F407/tools/toolchain/gcc-arm-none-eabi-10.3-2021.10/bin/../lib/gcc/arm-none-eabi/10.3.1/../../../../arm-none-eabi/lib/thumb/v7e-m+fp/hard/libc_nano.a
END GROUP
START GROUP
LOAD /home/action/STM32F407/tools/toolchain/gcc-arm-none-eabi-10.3-2021.10/bin/../lib/gcc/arm-none-eabi/10.3.1/thumb/v7e-m+fp/hard/libgcc.a
LOAD /home/action/STM32F407/tools/toolchain/gcc-arm-none-eabi-10.3-2021.10/bin/../lib/gcc/arm-none-eabi/10.3.1/../../../../arm-none-eabi/lib/thumb/v7e-m+fp/hard/libc_nano.a
END GROUP
LOAD /home/action/STM32F407/tools/toolchain/gcc-arm-none-eabi-10.3-2021.10/bin/../lib/gcc/arm-none-eabi/10.3.1/thumb/v7e-m+fp/hard/crtend.o
LOAD /home/action/STM32F407/tools/toolchain/gcc-arm-none-eabi-10.3-2021.10/bin/../lib/gcc/arm-none-eabi/10.3.1/thumb/v7e-m+fp/hard/crtn.o
                0x0000000020020000                _estack = (ORIGIN (RAM) + LENGTH (RAM))
                0x0000000000000200                _Min_Heap_Size = 0x200
                0x0000000000000400                _Min_Stack_Size = 0x400

.isr_vector     0x0000000008000000      0x188
                0x0000000008000000                . = ALIGN (0x4)
 *(.isr_vector)
 .isr_vector    0x0000000008000000      0x188 output/xcplus_boot/platform/cmsis/device/startup_stm32f40_41xxx.o
                0x0000000008000000                g_pfnVectors
                0x0000000008000188                . = ALIGN (0x4)

.text           0x0000000008000190     0x425c
                0x0000000008000190                . = ALIGN (0x4)
 *(.text)
 .text          0x0000000008000190       0x40 /home/action/STM32F407/tools/toolchain/gcc-arm-none-eabi-10.3-2021.10/bin/../lib/gcc/arm-none-eabi/10.3.1/thumb/v7e-m+fp/hard/crtbegin.o
 .text          0x00000000080001d0       0xa0 /home/action/STM32F407/tools/toolchain/gcc-arm-none-eabi-10.3-2021.10/bin/../lib/gcc/arm-none-eabi/10.3.1/../../../../arm-none-eabi/lib/thumb/v7e-m+fp/hard/libc_nano.a(lib_a-memchr.o)
                0x00000000080001d0                memchr
 .text          0x0000000008000270       0x10 /home/action/STM32F407/tools/toolchain/gcc-arm-none-eabi-10.3-2021.10/bin/../lib/gcc/arm-none-eabi/10.3.1/../../../../arm-none-eabi/lib/thumb/v7e-m+fp/hard/libc_nano.a(lib_a-strlen.o)
                0x0000000008000270                strlen
 *(.text*)
 .text.bl_arginfo_read
                0x0000000008000280       0x50 output/xcplus_boot/boot/arginfo.o
                0x0000000008000280                bl_arginfo_read
 .text.NVIC_SystemReset
                0x00000000080002d0       0x30 output/xcplus_boot/boot/bootloder.o
 .text.serial_resc_handle
                0x0000000008000300       0x24 output/xcplus_boot/boot/bootloder.o
                0x0000000008000300                serial_resc_handle
 .text.bl_reset
                0x0000000008000324       0x38 output/xcplus_boot/boot/bootloder.o
 .text.backup_verify
                0x000000000800035c       0x88 output/xcplus_boot/boot/bootloder.o
 .text.bl_response
                0x00000000080003e4       0x98 output/xcplus_boot/boot/bootloder.o
 .text.bl_response_ack
                0x000000000800047c       0x24 output/xcplus_boot/boot/bootloder.o
 .text.bl_op_inquiry_handler
                0x00000000080004a0       0xcc output/xcplus_boot/boot/bootloder.o
 .text.bl_op_boot_handler
                0x000000000800056c       0x40 output/xcplus_boot/boot/bootloder.o
 .text.bl_op_reset_handler
                0x00000000080005ac       0x44 output/xcplus_boot/boot/bootloder.o
 .text.bl_op_erase_handler
                0x00000000080005f0      0x140 output/xcplus_boot/boot/bootloder.o
 .text.bl_op_write_handler
                0x0000000008000730      0x104 output/xcplus_boot/boot/bootloder.o
 .text.bl_op_verify_handler
                0x0000000008000834      0x124 output/xcplus_boot/boot/bootloder.o
 .text.bl_ptk_handle
                0x0000000008000958      0x120 output/xcplus_boot/boot/bootloder.o
 .text.bl_pkt_verify
                0x0000000008000a78       0x6a output/xcplus_boot/boot/bootloder.o
 *fill*         0x0000000008000ae2        0x2 
 .text.bl_recv_handler
                0x0000000008000ae4      0x244 output/xcplus_boot/boot/bootloder.o
 .text.bootloder
                0x0000000008000d28      0x334 output/xcplus_boot/boot/bootloder.o
                0x0000000008000d28                bootloder
 .text.bl_lowlevel_deinit
                0x000000000800105c       0x20 output/xcplus_boot/boot/bootloder.o
 .text.verify_application
                0x000000000800107c       0x84 output/xcplus_boot/boot/bootloder.o
                0x000000000800107c                verify_application
 .text.application_boot
                0x0000000008001100       0x5c output/xcplus_boot/boot/bootloder.o
                0x0000000008001100                application_boot
 .text.app_restroed
                0x000000000800115c      0x17c output/xcplus_boot/boot/bootloder.o
                0x000000000800115c                app_restroed
 .text.bl_button_init
                0x00000000080012d8       0x30 output/xcplus_boot/boot/button.o
                0x00000000080012d8                bl_button_init
 .text.bl_button_pressed
                0x0000000008001308       0x20 output/xcplus_boot/boot/button.o
                0x0000000008001308                bl_button_pressed
 .text.bl_led_init
                0x0000000008001328       0x30 output/xcplus_boot/boot/led.o
                0x0000000008001328                bl_led_init
 .text.led_set  0x0000000008001358       0x48 output/xcplus_boot/boot/led.o
                0x0000000008001358                led_set
 .text.led_on   0x00000000080013a0       0x18 output/xcplus_boot/boot/led.o
                0x00000000080013a0                led_on
 .text.led_off  0x00000000080013b8       0x18 output/xcplus_boot/boot/led.o
                0x00000000080013b8                led_off
 .text.bl_lowlevel_init
                0x00000000080013d0       0x46 output/xcplus_boot/boot/low_level.o
                0x00000000080013d0                bl_lowlevel_init
 .text.button_trap_boot
                0x0000000008001416       0x22 output/xcplus_boot/boot/main.o
 .text.button_wait_release
                0x0000000008001438       0x1c output/xcplus_boot/boot/main.o
 .text.bl_button_wait_release
                0x0000000008001454       0x1c output/xcplus_boot/boot/main.o
                0x0000000008001454                bl_button_wait_release
 .text.main     0x0000000008001470       0xe8 output/xcplus_boot/boot/main.o
                0x0000000008001470                main
 .text._sbrk    0x0000000008001558       0x18 output/xcplus_boot/boot/main.o
                0x0000000008001558                _sbrk
 .text.bl_norflash_unlock
                0x0000000008001570       0x34 output/xcplus_boot/boot/norflash.o
                0x0000000008001570                bl_norflash_unlock
 .text.bl_norflash_lock
                0x00000000080015a4       0x34 output/xcplus_boot/boot/norflash.o
                0x00000000080015a4                bl_norflash_lock
 .text.bl_norflash_erase
                0x00000000080015d8       0xc0 output/xcplus_boot/boot/norflash.o
                0x00000000080015d8                bl_norflash_erase
 .text.bl_norflash_write
                0x0000000008001698       0x70 output/xcplus_boot/boot/norflash.o
                0x0000000008001698                bl_norflash_write
 .text.bl_norflash_write_backup
                0x0000000008001708      0x174 output/xcplus_boot/boot/norflash.o
                0x0000000008001708                bl_norflash_write_backup
 .text.usart1_init
                0x000000000800187c       0xa0 output/xcplus_boot/boot/usart.o
                0x000000000800187c                usart1_init
 .text.bl_usart_init
                0x000000000800191c       0xa4 output/xcplus_boot/boot/usart.o
                0x000000000800191c                bl_usart_init
 .text.bl_usart_write
                0x00000000080019c0       0x68 output/xcplus_boot/boot/usart.o
                0x00000000080019c0                bl_usart_write
 .text.bl_uart_recv_register
                0x0000000008001a28       0x20 output/xcplus_boot/boot/usart.o
                0x0000000008001a28                bl_uart_recv_register
 .text.USART2_IRQHandler
                0x0000000008001a48       0x48 output/xcplus_boot/boot/usart.o
                0x0000000008001a48                USART2_IRQHandler
 .text.bl_uart_deinit
                0x0000000008001a90       0x1c output/xcplus_boot/boot/usart.o
                0x0000000008001a90                bl_uart_deinit
 .text.NVIC_SetPriority
                0x0000000008001aac       0x54 output/xcplus_boot/boot/utils.o
 .text.SysTick_Config
                0x0000000008001b00       0x44 output/xcplus_boot/boot/utils.o
 .text.bl_delay_init
                0x0000000008001b44       0x24 output/xcplus_boot/boot/utils.o
                0x0000000008001b44                bl_delay_init
 .text.bl_delay_ms
                0x0000000008001b68       0x30 output/xcplus_boot/boot/utils.o
                0x0000000008001b68                bl_delay_ms
 .text.bl_now   0x0000000008001b98       0x18 output/xcplus_boot/boot/utils.o
                0x0000000008001b98                bl_now
 .text.SysTick_Handler
                0x0000000008001bb0       0x1c output/xcplus_boot/boot/utils.o
                0x0000000008001bb0                SysTick_Handler
 .text.Reset_Handler
                0x0000000008001bcc       0x44 output/xcplus_boot/platform/cmsis/device/startup_stm32f40_41xxx.o
                0x0000000008001bcc                Reset_Handler
 .text.Default_Handler
                0x0000000008001c10        0x2 output/xcplus_boot/platform/cmsis/device/startup_stm32f40_41xxx.o
                0x0000000008001c10                RTC_Alarm_IRQHandler
                0x0000000008001c10                HASH_RNG_IRQHandler
                0x0000000008001c10                EXTI2_IRQHandler
                0x0000000008001c10                TIM8_CC_IRQHandler
                0x0000000008001c10                DebugMon_Handler
                0x0000000008001c10                TIM1_CC_IRQHandler
                0x0000000008001c10                DMA2_Stream5_IRQHandler
                0x0000000008001c10                HardFault_Handler
                0x0000000008001c10                DMA1_Stream5_IRQHandler
                0x0000000008001c10                PVD_IRQHandler
                0x0000000008001c10                SDIO_IRQHandler
                0x0000000008001c10                TAMP_STAMP_IRQHandler
                0x0000000008001c10                PendSV_Handler
                0x0000000008001c10                NMI_Handler
                0x0000000008001c10                CAN2_RX1_IRQHandler
                0x0000000008001c10                EXTI3_IRQHandler
                0x0000000008001c10                TIM8_TRG_COM_TIM14_IRQHandler
                0x0000000008001c10                TIM1_UP_TIM10_IRQHandler
                0x0000000008001c10                TIM8_UP_TIM13_IRQHandler
                0x0000000008001c10                I2C3_ER_IRQHandler
                0x0000000008001c10                EXTI0_IRQHandler
                0x0000000008001c10                I2C2_EV_IRQHandler
                0x0000000008001c10                DMA1_Stream2_IRQHandler
                0x0000000008001c10                CAN1_RX0_IRQHandler
                0x0000000008001c10                FPU_IRQHandler
                0x0000000008001c10                OTG_HS_WKUP_IRQHandler
                0x0000000008001c10                UsageFault_Handler
                0x0000000008001c10                CAN2_SCE_IRQHandler
                0x0000000008001c10                DMA2_Stream2_IRQHandler
                0x0000000008001c10                SPI1_IRQHandler
                0x0000000008001c10                TIM6_DAC_IRQHandler
                0x0000000008001c10                TIM1_BRK_TIM9_IRQHandler
                0x0000000008001c10                DCMI_IRQHandler
                0x0000000008001c10                CAN2_RX0_IRQHandler
                0x0000000008001c10                DMA2_Stream3_IRQHandler
                0x0000000008001c10                USART6_IRQHandler
                0x0000000008001c10                USART3_IRQHandler
                0x0000000008001c10                CRYP_IRQHandler
                0x0000000008001c10                CAN1_RX1_IRQHandler
                0x0000000008001c10                UART5_IRQHandler
                0x0000000008001c10                DMA2_Stream0_IRQHandler
                0x0000000008001c10                TIM4_IRQHandler
                0x0000000008001c10                I2C1_EV_IRQHandler
                0x0000000008001c10                DMA1_Stream6_IRQHandler
                0x0000000008001c10                DMA1_Stream1_IRQHandler
                0x0000000008001c10                UART4_IRQHandler
                0x0000000008001c10                TIM3_IRQHandler
                0x0000000008001c10                RCC_IRQHandler
                0x0000000008001c10                TIM8_BRK_TIM12_IRQHandler
                0x0000000008001c10                Default_Handler
                0x0000000008001c10                EXTI15_10_IRQHandler
                0x0000000008001c10                ADC_IRQHandler
                0x0000000008001c10                DMA1_Stream7_IRQHandler
                0x0000000008001c10                TIM7_IRQHandler
                0x0000000008001c10                CAN2_TX_IRQHandler
                0x0000000008001c10                TIM5_IRQHandler
                0x0000000008001c10                DMA2_Stream7_IRQHandler
                0x0000000008001c10                I2C3_EV_IRQHandler
                0x0000000008001c10                EXTI9_5_IRQHandler
                0x0000000008001c10                RTC_WKUP_IRQHandler
                0x0000000008001c10                ETH_WKUP_IRQHandler
                0x0000000008001c10                SPI2_IRQHandler
                0x0000000008001c10                OTG_HS_EP1_IN_IRQHandler
                0x0000000008001c10                MemManage_Handler
                0x0000000008001c10                DMA1_Stream0_IRQHandler
                0x0000000008001c10                CAN1_TX_IRQHandler
                0x0000000008001c10                SVC_Handler
                0x0000000008001c10                EXTI4_IRQHandler
                0x0000000008001c10                FSMC_IRQHandler
                0x0000000008001c10                ETH_IRQHandler
                0x0000000008001c10                OTG_HS_EP1_OUT_IRQHandler
                0x0000000008001c10                WWDG_IRQHandler
                0x0000000008001c10                TIM2_IRQHandler
                0x0000000008001c10                OTG_FS_WKUP_IRQHandler
                0x0000000008001c10                TIM1_TRG_COM_TIM11_IRQHandler
                0x0000000008001c10                OTG_HS_IRQHandler
                0x0000000008001c10                EXTI1_IRQHandler
                0x0000000008001c10                I2C2_ER_IRQHandler
                0x0000000008001c10                DMA2_Stream1_IRQHandler
                0x0000000008001c10                CAN1_SCE_IRQHandler
                0x0000000008001c10                FLASH_IRQHandler
                0x0000000008001c10                DMA2_Stream4_IRQHandler
                0x0000000008001c10                BusFault_Handler
                0x0000000008001c10                USART1_IRQHandler
                0x0000000008001c10                OTG_FS_IRQHandler
                0x0000000008001c10                SPI3_IRQHandler
                0x0000000008001c10                DMA1_Stream4_IRQHandler
                0x0000000008001c10                I2C1_ER_IRQHandler
                0x0000000008001c10                DMA2_Stream6_IRQHandler
                0x0000000008001c10                DMA1_Stream3_IRQHandler
 *fill*         0x0000000008001c12        0x2 
 .text.SystemInit
                0x0000000008001c14       0x6c output/xcplus_boot/platform/cmsis/device/system_stm32f4xx.o
                0x0000000008001c14                SystemInit
 .text.SystemCoreClockUpdate
                0x0000000008001c80      0x104 output/xcplus_boot/platform/cmsis/device/system_stm32f4xx.o
                0x0000000008001c80                SystemCoreClockUpdate
 .text.SetSysClock
                0x0000000008001d84       0xf8 output/xcplus_boot/platform/cmsis/device/system_stm32f4xx.o
 .text.NVIC_PriorityGroupConfig
                0x0000000008001e7c       0x28 output/xcplus_boot/platform/driver/src/misc.o
                0x0000000008001e7c                NVIC_PriorityGroupConfig
 .text.NVIC_Init
                0x0000000008001ea4       0xc4 output/xcplus_boot/platform/driver/src/misc.o
                0x0000000008001ea4                NVIC_Init
 .text.FLASH_Unlock
                0x0000000008001f68       0x30 output/xcplus_boot/platform/driver/src/stm32f4xx_flash.o
                0x0000000008001f68                FLASH_Unlock
 .text.FLASH_Lock
                0x0000000008001f98       0x20 output/xcplus_boot/platform/driver/src/stm32f4xx_flash.o
                0x0000000008001f98                FLASH_Lock
 .text.FLASH_EraseSector
                0x0000000008001fb8       0xc0 output/xcplus_boot/platform/driver/src/stm32f4xx_flash.o
                0x0000000008001fb8                FLASH_EraseSector
 .text.FLASH_ProgramWord
                0x0000000008002078       0x68 output/xcplus_boot/platform/driver/src/stm32f4xx_flash.o
                0x0000000008002078                FLASH_ProgramWord
 .text.FLASH_GetStatus
                0x00000000080020e0       0x7c output/xcplus_boot/platform/driver/src/stm32f4xx_flash.o
                0x00000000080020e0                FLASH_GetStatus
 .text.FLASH_WaitForLastOperation
                0x000000000800215c       0x30 output/xcplus_boot/platform/driver/src/stm32f4xx_flash.o
                0x000000000800215c                FLASH_WaitForLastOperation
 .text.GPIO_Init
                0x000000000800218c      0x11e output/xcplus_boot/platform/driver/src/stm32f4xx_gpio.o
                0x000000000800218c                GPIO_Init
 .text.GPIO_ReadInputDataBit
                0x00000000080022aa       0x34 output/xcplus_boot/platform/driver/src/stm32f4xx_gpio.o
                0x00000000080022aa                GPIO_ReadInputDataBit
 .text.GPIO_WriteBit
                0x00000000080022de       0x32 output/xcplus_boot/platform/driver/src/stm32f4xx_gpio.o
                0x00000000080022de                GPIO_WriteBit
 .text.GPIO_PinAFConfig
                0x0000000008002310       0x92 output/xcplus_boot/platform/driver/src/stm32f4xx_gpio.o
                0x0000000008002310                GPIO_PinAFConfig
 *fill*         0x00000000080023a2        0x2 
 .text.RCC_GetClocksFreq
                0x00000000080023a4      0x15c output/xcplus_boot/platform/driver/src/stm32f4xx_rcc.o
                0x00000000080023a4                RCC_GetClocksFreq
 .text.RCC_AHB1PeriphClockCmd
                0x0000000008002500       0x40 output/xcplus_boot/platform/driver/src/stm32f4xx_rcc.o
                0x0000000008002500                RCC_AHB1PeriphClockCmd
 .text.RCC_APB1PeriphClockCmd
                0x0000000008002540       0x40 output/xcplus_boot/platform/driver/src/stm32f4xx_rcc.o
                0x0000000008002540                RCC_APB1PeriphClockCmd
 .text.RCC_APB2PeriphClockCmd
                0x0000000008002580       0x40 output/xcplus_boot/platform/driver/src/stm32f4xx_rcc.o
                0x0000000008002580                RCC_APB2PeriphClockCmd
 .text.RCC_APB1PeriphResetCmd
                0x00000000080025c0       0x40 output/xcplus_boot/platform/driver/src/stm32f4xx_rcc.o
                0x00000000080025c0                RCC_APB1PeriphResetCmd
 .text.RCC_APB2PeriphResetCmd
                0x0000000008002600       0x40 output/xcplus_boot/platform/driver/src/stm32f4xx_rcc.o
                0x0000000008002600                RCC_APB2PeriphResetCmd
 .text.USART_DeInit
                0x0000000008002640      0x118 output/xcplus_boot/platform/driver/src/stm32f4xx_usart.o
                0x0000000008002640                USART_DeInit
 .text.USART_Init
                0x0000000008002758      0x174 output/xcplus_boot/platform/driver/src/stm32f4xx_usart.o
                0x0000000008002758                USART_Init
 .text.USART_Cmd
                0x00000000080028cc       0x40 output/xcplus_boot/platform/driver/src/stm32f4xx_usart.o
                0x00000000080028cc                USART_Cmd
 .text.USART_SendData
                0x000000000800290c       0x24 output/xcplus_boot/platform/driver/src/stm32f4xx_usart.o
                0x000000000800290c                USART_SendData
 .text.USART_ReceiveData
                0x0000000008002930       0x20 output/xcplus_boot/platform/driver/src/stm32f4xx_usart.o
                0x0000000008002930                USART_ReceiveData
 .text.USART_ITConfig
                0x0000000008002950       0x90 output/xcplus_boot/platform/driver/src/stm32f4xx_usart.o
                0x0000000008002950                USART_ITConfig
 .text.USART_GetFlagStatus
                0x00000000080029e0       0x38 output/xcplus_boot/platform/driver/src/stm32f4xx_usart.o
                0x00000000080029e0                USART_GetFlagStatus
 .text.USART_ClearFlag
                0x0000000008002a18       0x22 output/xcplus_boot/platform/driver/src/stm32f4xx_usart.o
                0x0000000008002a18                USART_ClearFlag
 .text.USART_GetITStatus
                0x0000000008002a3a       0xb6 output/xcplus_boot/platform/driver/src/stm32f4xx_usart.o
                0x0000000008002a3a                USART_GetITStatus
 .text.crc32_for_byte
                0x0000000008002af0       0x48 output/xcplus_boot/third_lib/crc/crc32.o
 .text.crc32_init
                0x0000000008002b38       0x40 output/xcplus_boot/third_lib/crc/crc32.o
                0x0000000008002b38                crc32_init
 .text.crc32_update
                0x0000000008002b78       0x60 output/xcplus_boot/third_lib/crc/crc32.o
                0x0000000008002b78                crc32_update
 .text.elog_port_init
                0x0000000008002bd8       0x18 output/xcplus_boot/third_lib/easylogger/port/elog_port.o
                0x0000000008002bd8                elog_port_init
 .text.elog_port_deinit
                0x0000000008002bf0       0x1c output/xcplus_boot/third_lib/easylogger/port/elog_port.o
                0x0000000008002bf0                elog_port_deinit
 .text.elog_port_output
                0x0000000008002c0c       0x68 output/xcplus_boot/third_lib/easylogger/port/elog_port.o
                0x0000000008002c0c                elog_port_output
 .text.elog_port_output_lock
                0x0000000008002c74        0xe output/xcplus_boot/third_lib/easylogger/port/elog_port.o
                0x0000000008002c74                elog_port_output_lock
 .text.elog_port_output_unlock
                0x0000000008002c82        0xe output/xcplus_boot/third_lib/easylogger/port/elog_port.o
                0x0000000008002c82                elog_port_output_unlock
 .text.elog_port_get_time
                0x0000000008002c90       0x24 output/xcplus_boot/third_lib/easylogger/port/elog_port.o
                0x0000000008002c90                elog_port_get_time
 .text.elog_port_get_p_info
                0x0000000008002cb4       0x14 output/xcplus_boot/third_lib/easylogger/port/elog_port.o
                0x0000000008002cb4                elog_port_get_p_info
 .text.elog_port_get_t_info
                0x0000000008002cc8       0x14 output/xcplus_boot/third_lib/easylogger/port/elog_port.o
                0x0000000008002cc8                elog_port_get_t_info
 .text.elog_init
                0x0000000008002cdc       0x60 output/xcplus_boot/third_lib/easylogger/src/elog.o
                0x0000000008002cdc                elog_init
 .text.elog_deinit
                0x0000000008002d3c       0x2c output/xcplus_boot/third_lib/easylogger/src/elog.o
                0x0000000008002d3c                elog_deinit
 .text.elog_start
                0x0000000008002d68       0x54 output/xcplus_boot/third_lib/easylogger/src/elog.o
                0x0000000008002d68                elog_start
 .text.elog_set_output_enabled
                0x0000000008002dbc       0x84 output/xcplus_boot/third_lib/easylogger/src/elog.o
                0x0000000008002dbc                elog_set_output_enabled
 .text.elog_set_fmt
                0x0000000008002e40       0x80 output/xcplus_boot/third_lib/easylogger/src/elog.o
                0x0000000008002e40                elog_set_fmt
 .text.elog_set_filter_lvl
                0x0000000008002ec0       0x78 output/xcplus_boot/third_lib/easylogger/src/elog.o
                0x0000000008002ec0                elog_set_filter_lvl
 .text.elog_output_lock
                0x0000000008002f38       0x2c output/xcplus_boot/third_lib/easylogger/src/elog.o
                0x0000000008002f38                elog_output_lock
 .text.elog_output_unlock
                0x0000000008002f64       0x2c output/xcplus_boot/third_lib/easylogger/src/elog.o
                0x0000000008002f64                elog_output_unlock
 .text.elog_set_filter_tag_lvl_default
                0x0000000008002f90       0x68 output/xcplus_boot/third_lib/easylogger/src/elog.o
 .text.elog_get_filter_tag_lvl
                0x0000000008002ff8       0xf0 output/xcplus_boot/third_lib/easylogger/src/elog.o
                0x0000000008002ff8                elog_get_filter_tag_lvl
 .text.elog_output
                0x00000000080030e8      0x514 output/xcplus_boot/third_lib/easylogger/src/elog.o
                0x00000000080030e8                elog_output
 .text.get_fmt_enabled
                0x00000000080035fc       0x8c output/xcplus_boot/third_lib/easylogger/src/elog.o
 .text.get_fmt_used_and_enabled_u32
                0x0000000008003688       0x38 output/xcplus_boot/third_lib/easylogger/src/elog.o
 .text.get_fmt_used_and_enabled_ptr
                0x00000000080036c0       0x38 output/xcplus_boot/third_lib/easylogger/src/elog.o
 .text.elog_output_lock_enabled
                0x00000000080036f8       0x68 output/xcplus_boot/third_lib/easylogger/src/elog.o
                0x00000000080036f8                elog_output_lock_enabled
 .text.elog_strcpy
                0x0000000008003760       0xdc output/xcplus_boot/third_lib/easylogger/src/elog_util.o
                0x0000000008003760                elog_strcpy
 .text.rb8_new  0x000000000800383c       0x26 output/xcplus_boot/third_lib/ringbuffer/ringbuffer8.o
                0x000000000800383c                rb8_new
 .text.next_head
                0x0000000008003862       0x30 output/xcplus_boot/third_lib/ringbuffer/ringbuffer8.o
 .text.next_tail
                0x0000000008003892       0x30 output/xcplus_boot/third_lib/ringbuffer/ringbuffer8.o
 .text.rb8_empty
                0x00000000080038c2       0x26 output/xcplus_boot/third_lib/ringbuffer/ringbuffer8.o
                0x00000000080038c2                rb8_empty
 .text.rb8_put  0x00000000080038e8       0x46 output/xcplus_boot/third_lib/ringbuffer/ringbuffer8.o
                0x00000000080038e8                rb8_put
 .text.rb8_puts
                0x000000000800392e       0x48 output/xcplus_boot/third_lib/ringbuffer/ringbuffer8.o
                0x000000000800392e                rb8_puts
 .text.rb8_get  0x0000000008003976       0x40 output/xcplus_boot/third_lib/ringbuffer/ringbuffer8.o
                0x0000000008003976                rb8_get
 .text.memset   0x00000000080039b6       0x10 /home/action/STM32F407/tools/toolchain/gcc-arm-none-eabi-10.3-2021.10/bin/../lib/gcc/arm-none-eabi/10.3.1/../../../../arm-none-eabi/lib/thumb/v7e-m+fp/hard/libc_nano.a(lib_a-memset.o)
                0x00000000080039b6                memset
 *fill*         0x00000000080039c6        0x2 
 .text.snprintf
                0x00000000080039c8       0x68 /home/action/STM32F407/tools/toolchain/gcc-arm-none-eabi-10.3-2021.10/bin/../lib/gcc/arm-none-eabi/10.3.1/../../../../arm-none-eabi/lib/thumb/v7e-m+fp/hard/libc_nano.a(lib_a-snprintf.o)
                0x00000000080039c8                snprintf
                0x00000000080039c8                sniprintf
 .text.sprintf  0x0000000008003a30       0x40 /home/action/STM32F407/tools/toolchain/gcc-arm-none-eabi-10.3-2021.10/bin/../lib/gcc/arm-none-eabi/10.3.1/../../../../arm-none-eabi/lib/thumb/v7e-m+fp/hard/libc_nano.a(lib_a-sprintf.o)
                0x0000000008003a30                sprintf
                0x0000000008003a30                siprintf
 .text.strncmp  0x0000000008003a70       0x28 /home/action/STM32F407/tools/toolchain/gcc-arm-none-eabi-10.3-2021.10/bin/../lib/gcc/arm-none-eabi/10.3.1/../../../../arm-none-eabi/lib/thumb/v7e-m+fp/hard/libc_nano.a(lib_a-strncmp.o)
                0x0000000008003a70                strncmp
 .text.strstr   0x0000000008003a98       0x2c /home/action/STM32F407/tools/toolchain/gcc-arm-none-eabi-10.3-2021.10/bin/../lib/gcc/arm-none-eabi/10.3.1/../../../../arm-none-eabi/lib/thumb/v7e-m+fp/hard/libc_nano.a(lib_a-strstr.o)
                0x0000000008003a98                strstr
 .text._vsnprintf_r
                0x0000000008003ac4       0x56 /home/action/STM32F407/tools/toolchain/gcc-arm-none-eabi-10.3-2021.10/bin/../lib/gcc/arm-none-eabi/10.3.1/../../../../arm-none-eabi/lib/thumb/v7e-m+fp/hard/libc_nano.a(lib_a-vsnprintf.o)
                0x0000000008003ac4                _vsnprintf_r
                0x0000000008003ac4                _vsniprintf_r
 *fill*         0x0000000008003b1a        0x2 
 .text.vsnprintf
                0x0000000008003b1c       0x1c /home/action/STM32F407/tools/toolchain/gcc-arm-none-eabi-10.3-2021.10/bin/../lib/gcc/arm-none-eabi/10.3.1/../../../../arm-none-eabi/lib/thumb/v7e-m+fp/hard/libc_nano.a(lib_a-vsnprintf.o)
                0x0000000008003b1c                vsnprintf
                0x0000000008003b1c                vsniprintf
 .text.__ssputs_r
                0x0000000008003b38       0xb6 /home/action/STM32F407/tools/toolchain/gcc-arm-none-eabi-10.3-2021.10/bin/../lib/gcc/arm-none-eabi/10.3.1/../../../../arm-none-eabi/lib/thumb/v7e-m+fp/hard/libc_nano.a(lib_a-nano-svfprintf.o)
                0x0000000008003b38                __ssputs_r
 *fill*         0x0000000008003bee        0x2 
 .text._svfprintf_r
                0x0000000008003bf0      0x200 /home/action/STM32F407/tools/toolchain/gcc-arm-none-eabi-10.3-2021.10/bin/../lib/gcc/arm-none-eabi/10.3.1/../../../../arm-none-eabi/lib/thumb/v7e-m+fp/hard/libc_nano.a(lib_a-nano-svfprintf.o)
                0x0000000008003bf0                _svfprintf_r
                0x0000000008003bf0                _svfiprintf_r
 .text._printf_common
                0x0000000008003df0       0xda /home/action/STM32F407/tools/toolchain/gcc-arm-none-eabi-10.3-2021.10/bin/../lib/gcc/arm-none-eabi/10.3.1/../../../../arm-none-eabi/lib/thumb/v7e-m+fp/hard/libc_nano.a(lib_a-nano-vfprintf_i.o)
                0x0000000008003df0                _printf_common
 *fill*         0x0000000008003eca        0x2 
 .text._printf_i
                0x0000000008003ecc      0x24c /home/action/STM32F407/tools/toolchain/gcc-arm-none-eabi-10.3-2021.10/bin/../lib/gcc/arm-none-eabi/10.3.1/../../../../arm-none-eabi/lib/thumb/v7e-m+fp/hard/libc_nano.a(lib_a-nano-vfprintf_i.o)
                0x0000000008003ecc                _printf_i
 .text.memcpy   0x0000000008004118       0x1c /home/action/STM32F407/tools/toolchain/gcc-arm-none-eabi-10.3-2021.10/bin/../lib/gcc/arm-none-eabi/10.3.1/../../../../arm-none-eabi/lib/thumb/v7e-m+fp/hard/libc_nano.a(lib_a-memcpy-stub.o)
                0x0000000008004118                memcpy
 .text.memmove  0x0000000008004134       0x34 /home/action/STM32F407/tools/toolchain/gcc-arm-none-eabi-10.3-2021.10/bin/../lib/gcc/arm-none-eabi/10.3.1/../../../../arm-none-eabi/lib/thumb/v7e-m+fp/hard/libc_nano.a(lib_a-memmove.o)
                0x0000000008004134                memmove
 .text._free_r  0x0000000008004168       0x98 /home/action/STM32F407/tools/toolchain/gcc-arm-none-eabi-10.3-2021.10/bin/../lib/gcc/arm-none-eabi/10.3.1/../../../../arm-none-eabi/lib/thumb/v7e-m+fp/hard/libc_nano.a(lib_a-nano-freer.o)
                0x0000000008004168                _free_r
 .text.sbrk_aligned
                0x0000000008004200       0x40 /home/action/STM32F407/tools/toolchain/gcc-arm-none-eabi-10.3-2021.10/bin/../lib/gcc/arm-none-eabi/10.3.1/../../../../arm-none-eabi/lib/thumb/v7e-m+fp/hard/libc_nano.a(lib_a-nano-mallocr.o)
 .text._malloc_r
                0x0000000008004240       0xe8 /home/action/STM32F407/tools/toolchain/gcc-arm-none-eabi-10.3-2021.10/bin/../lib/gcc/arm-none-eabi/10.3.1/../../../../arm-none-eabi/lib/thumb/v7e-m+fp/hard/libc_nano.a(lib_a-nano-mallocr.o)
                0x0000000008004240                _malloc_r
 .text._realloc_r
                0x0000000008004328       0x5e /home/action/STM32F407/tools/toolchain/gcc-arm-none-eabi-10.3-2021.10/bin/../lib/gcc/arm-none-eabi/10.3.1/../../../../arm-none-eabi/lib/thumb/v7e-m+fp/hard/libc_nano.a(lib_a-nano-reallocr.o)
                0x0000000008004328                _realloc_r
 *fill*         0x0000000008004386        0x2 
 .text._sbrk_r  0x0000000008004388       0x20 /home/action/STM32F407/tools/toolchain/gcc-arm-none-eabi-10.3-2021.10/bin/../lib/gcc/arm-none-eabi/10.3.1/../../../../arm-none-eabi/lib/thumb/v7e-m+fp/hard/libc_nano.a(lib_a-sbrkr.o)
                0x0000000008004388                _sbrk_r
 .text.__malloc_lock
                0x00000000080043a8        0xc /home/action/STM32F407/tools/toolchain/gcc-arm-none-eabi-10.3-2021.10/bin/../lib/gcc/arm-none-eabi/10.3.1/../../../../arm-none-eabi/lib/thumb/v7e-m+fp/hard/libc_nano.a(lib_a-mlock.o)
                0x00000000080043a8                __malloc_lock
 .text.__malloc_unlock
                0x00000000080043b4        0xc /home/action/STM32F407/tools/toolchain/gcc-arm-none-eabi-10.3-2021.10/bin/../lib/gcc/arm-none-eabi/10.3.1/../../../../arm-none-eabi/lib/thumb/v7e-m+fp/hard/libc_nano.a(lib_a-mlock.o)
                0x00000000080043b4                __malloc_unlock
 .text._malloc_usable_size_r
                0x00000000080043c0       0x10 /home/action/STM32F407/tools/toolchain/gcc-arm-none-eabi-10.3-2021.10/bin/../lib/gcc/arm-none-eabi/10.3.1/../../../../arm-none-eabi/lib/thumb/v7e-m+fp/hard/libc_nano.a(lib_a-nano-msizer.o)
                0x00000000080043c0                _malloc_usable_size_r
 .text.__retarget_lock_acquire_recursive
                0x00000000080043d0        0x2 /home/action/STM32F407/tools/toolchain/gcc-arm-none-eabi-10.3-2021.10/bin/../lib/gcc/arm-none-eabi/10.3.1/../../../../arm-none-eabi/lib/thumb/v7e-m+fp/hard/libc_nano.a(lib_a-lock.o)
                0x00000000080043d0                __retarget_lock_acquire_recursive
 .text.__retarget_lock_release_recursive
                0x00000000080043d2        0x2 /home/action/STM32F407/tools/toolchain/gcc-arm-none-eabi-10.3-2021.10/bin/../lib/gcc/arm-none-eabi/10.3.1/../../../../arm-none-eabi/lib/thumb/v7e-m+fp/hard/libc_nano.a(lib_a-lock.o)
                0x00000000080043d2                __retarget_lock_release_recursive
 *(.glue_7)
 .glue_7        0x00000000080043d4        0x0 linker stubs
 *(.glue_7t)
 .glue_7t       0x00000000080043d4        0x0 linker stubs
 *(.eh_frame)
 .eh_frame      0x00000000080043d4        0x0 /home/action/STM32F407/tools/toolchain/gcc-arm-none-eabi-10.3-2021.10/bin/../lib/gcc/arm-none-eabi/10.3.1/thumb/v7e-m+fp/hard/crtbegin.o
 *(.init)
 .init          0x00000000080043d4        0x4 /home/action/STM32F407/tools/toolchain/gcc-arm-none-eabi-10.3-2021.10/bin/../lib/gcc/arm-none-eabi/10.3.1/thumb/v7e-m+fp/hard/crti.o
                0x00000000080043d4                _init
 .init          0x00000000080043d8        0x8 /home/action/STM32F407/tools/toolchain/gcc-arm-none-eabi-10.3-2021.10/bin/../lib/gcc/arm-none-eabi/10.3.1/thumb/v7e-m+fp/hard/crtn.o
 *(.fini)
 .fini          0x00000000080043e0        0x4 /home/action/STM32F407/tools/toolchain/gcc-arm-none-eabi-10.3-2021.10/bin/../lib/gcc/arm-none-eabi/10.3.1/thumb/v7e-m+fp/hard/crti.o
                0x00000000080043e0                _fini
 .fini          0x00000000080043e4        0x8 /home/action/STM32F407/tools/toolchain/gcc-arm-none-eabi-10.3-2021.10/bin/../lib/gcc/arm-none-eabi/10.3.1/thumb/v7e-m+fp/hard/crtn.o
                0x00000000080043ec                . = ALIGN (0x4)
                0x00000000080043ec                _etext = .

.vfp11_veneer   0x00000000080043ec        0x0
 .vfp11_veneer  0x00000000080043ec        0x0 linker stubs

.v4_bx          0x00000000080043ec        0x0
 .v4_bx         0x00000000080043ec        0x0 linker stubs

.iplt           0x00000000080043ec        0x0
 .iplt          0x00000000080043ec        0x0 /home/action/STM32F407/tools/toolchain/gcc-arm-none-eabi-10.3-2021.10/bin/../lib/gcc/arm-none-eabi/10.3.1/thumb/v7e-m+fp/hard/crtbegin.o

.rodata         0x00000000080043ec      0xc0c
                0x00000000080043ec                . = ALIGN (0x4)
 *(.rodata)
 .rodata        0x00000000080043ec      0x458 output/xcplus_boot/boot/bootloder.o
 .rodata        0x0000000008004844       0x62 output/xcplus_boot/boot/main.o
 *fill*         0x00000000080048a6        0x2 
 .rodata        0x00000000080048a8      0x160 output/xcplus_boot/boot/norflash.o
 .rodata        0x0000000008004a08        0x9 output/xcplus_boot/third_lib/easylogger/port/elog_port.o
 *fill*         0x0000000008004a11        0x3 
 .rodata        0x0000000008004a14      0x2f3 output/xcplus_boot/third_lib/easylogger/src/elog.o
 *fill*         0x0000000008004d07        0x1 
 .rodata        0x0000000008004d08       0x6c output/xcplus_boot/third_lib/easylogger/src/elog_util.o
 *(.rodata*)
 .rodata.__FUNCTION__.13
                0x0000000008004d74        0xe output/xcplus_boot/boot/bootloder.o
 *fill*         0x0000000008004d82        0x2 
 .rodata.__FUNCTION__.12
                0x0000000008004d84       0x16 output/xcplus_boot/boot/bootloder.o
 *fill*         0x0000000008004d9a        0x2 
 .rodata.__FUNCTION__.11
                0x0000000008004d9c       0x13 output/xcplus_boot/boot/bootloder.o
 *fill*         0x0000000008004daf        0x1 
 .rodata.__FUNCTION__.10
                0x0000000008004db0       0x14 output/xcplus_boot/boot/bootloder.o
 .rodata.__FUNCTION__.9
                0x0000000008004dc4       0x14 output/xcplus_boot/boot/bootloder.o
 .rodata.__FUNCTION__.8
                0x0000000008004dd8       0x14 output/xcplus_boot/boot/bootloder.o
 .rodata.__FUNCTION__.7
                0x0000000008004dec       0x15 output/xcplus_boot/boot/bootloder.o
 *fill*         0x0000000008004e01        0x3 
 .rodata.__FUNCTION__.6
                0x0000000008004e04        0xe output/xcplus_boot/boot/bootloder.o
 *fill*         0x0000000008004e12        0x2 
 .rodata.__FUNCTION__.5
                0x0000000008004e14       0x10 output/xcplus_boot/boot/bootloder.o
 .rodata.__FUNCTION__.4
                0x0000000008004e24        0xa output/xcplus_boot/boot/bootloder.o
 *fill*         0x0000000008004e2e        0x2 
 .rodata.__FUNCTION__.2
                0x0000000008004e30       0x13 output/xcplus_boot/boot/bootloder.o
 *fill*         0x0000000008004e43        0x1 
 .rodata.__FUNCTION__.1
                0x0000000008004e44       0x11 output/xcplus_boot/boot/bootloder.o
 *fill*         0x0000000008004e55        0x3 
 .rodata.__FUNCTION__.0
                0x0000000008004e58        0xd output/xcplus_boot/boot/bootloder.o
 *fill*         0x0000000008004e65        0x3 
 .rodata.__FUNCTION__.0
                0x0000000008004e68        0x5 output/xcplus_boot/boot/main.o
 *fill*         0x0000000008004e6d        0x3 
 .rodata.sector_descs
                0x0000000008004e70       0x60 output/xcplus_boot/boot/norflash.o
 .rodata.__FUNCTION__.4
                0x0000000008004ed0       0x13 output/xcplus_boot/boot/norflash.o
 *fill*         0x0000000008004ee3        0x1 
 .rodata.__FUNCTION__.3
                0x0000000008004ee4       0x11 output/xcplus_boot/boot/norflash.o
 *fill*         0x0000000008004ef5        0x3 
 .rodata.__FUNCTION__.2
                0x0000000008004ef8       0x12 output/xcplus_boot/boot/norflash.o
 *fill*         0x0000000008004f0a        0x2 
 .rodata.__FUNCTION__.1
                0x0000000008004f0c       0x12 output/xcplus_boot/boot/norflash.o
 *fill*         0x0000000008004f1e        0x2 
 .rodata.__FUNCTION__.0
                0x0000000008004f20       0x19 output/xcplus_boot/boot/norflash.o
 *fill*         0x0000000008004f39        0x3 
 .rodata.__FUNCTION__.11
                0x0000000008004f3c        0xb output/xcplus_boot/third_lib/easylogger/src/elog.o
 *fill*         0x0000000008004f47        0x1 
 .rodata.__FUNCTION__.9
                0x0000000008004f48       0x18 output/xcplus_boot/third_lib/easylogger/src/elog.o
 .rodata.__FUNCTION__.8
                0x0000000008004f60        0xd output/xcplus_boot/third_lib/easylogger/src/elog.o
 *fill*         0x0000000008004f6d        0x3 
 .rodata.__FUNCTION__.6
                0x0000000008004f70       0x14 output/xcplus_boot/third_lib/easylogger/src/elog.o
 .rodata.__FUNCTION__.4
                0x0000000008004f84       0x18 output/xcplus_boot/third_lib/easylogger/src/elog.o
 .rodata.__FUNCTION__.3
                0x0000000008004f9c        0xc output/xcplus_boot/third_lib/easylogger/src/elog.o
 .rodata.__FUNCTION__.2
                0x0000000008004fa8       0x10 output/xcplus_boot/third_lib/easylogger/src/elog.o
 .rodata.__FUNCTION__.2
                0x0000000008004fb8        0xc output/xcplus_boot/third_lib/easylogger/src/elog_util.o
 .rodata._svfprintf_r.str1.1
                0x0000000008004fc4       0x11 /home/action/STM32F407/tools/toolchain/gcc-arm-none-eabi-10.3-2021.10/bin/../lib/gcc/arm-none-eabi/10.3.1/../../../../arm-none-eabi/lib/thumb/v7e-m+fp/hard/libc_nano.a(lib_a-nano-svfprintf.o)
 .rodata._printf_i.str1.1
                0x0000000008004fd5       0x22 /home/action/STM32F407/tools/toolchain/gcc-arm-none-eabi-10.3-2021.10/bin/../lib/gcc/arm-none-eabi/10.3.1/../../../../arm-none-eabi/lib/thumb/v7e-m+fp/hard/libc_nano.a(lib_a-nano-vfprintf_i.o)
                0x0000000008004ff8                . = ALIGN (0x4)
 *fill*         0x0000000008004ff7        0x1 

.rel.dyn        0x0000000008004ff8        0x0
 .rel.iplt      0x0000000008004ff8        0x0 /home/action/STM32F407/tools/toolchain/gcc-arm-none-eabi-10.3-2021.10/bin/../lib/gcc/arm-none-eabi/10.3.1/thumb/v7e-m+fp/hard/crtbegin.o

.ARM.extab
 *(.ARM.extab* .gnu.linkonce.armextab.*)

.ARM            0x0000000008004ff8        0x0
                0x0000000008004ff8                __exidx_start = .
 *(.ARM.exidx*)
                0x0000000008004ff8                __exidx_end = .

.preinit_array  0x0000000008004ff8        0x0
                0x0000000008004ff8                PROVIDE (__preinit_array_start = .)
 *(.preinit_array*)
                0x0000000008004ff8                PROVIDE (__preinit_array_end = .)

.init_array     0x0000000008004ff8        0x4
                0x0000000008004ff8                PROVIDE (__init_array_start = .)
 *(SORT_BY_NAME(.init_array.*))
 *(.init_array*)
 .init_array    0x0000000008004ff8        0x4 /home/action/STM32F407/tools/toolchain/gcc-arm-none-eabi-10.3-2021.10/bin/../lib/gcc/arm-none-eabi/10.3.1/thumb/v7e-m+fp/hard/crtbegin.o
                0x0000000008004ffc                PROVIDE (__init_array_end = .)

.fini_array     0x0000000008004ffc        0x4
                [!provide]                        PROVIDE (__fini_array_start = .)
 *(SORT_BY_NAME(.fini_array.*))
 *(.fini_array*)
 .fini_array    0x0000000008004ffc        0x4 /home/action/STM32F407/tools/toolchain/gcc-arm-none-eabi-10.3-2021.10/bin/../lib/gcc/arm-none-eabi/10.3.1/thumb/v7e-m+fp/hard/crtbegin.o
                [!provide]                        PROVIDE (__fini_array_end = .)
                0x0000000008005000                _sidata = LOADADDR (.data)

.data           0x0000000020000000       0xa0 load address 0x0000000008005000
                0x0000000020000000                . = ALIGN (0x4)
                0x0000000020000000                _sdata = .
 *(.data)
 *(.data*)
 .data.SystemCoreClock
                0x0000000020000000        0x4 output/xcplus_boot/platform/cmsis/device/system_stm32f4xx.o
                0x0000000020000000                SystemCoreClock
 .data.AHBPrescTable
                0x0000000020000004       0x10 output/xcplus_boot/platform/cmsis/device/system_stm32f4xx.o
                0x0000000020000004                AHBPrescTable
 .data.APBAHBPrescTable
                0x0000000020000014       0x10 output/xcplus_boot/platform/driver/src/stm32f4xx_rcc.o
 .data.level_output_info
                0x0000000020000024       0x18 output/xcplus_boot/third_lib/easylogger/src/elog.o
 .data._impure_ptr
                0x000000002000003c        0x4 /home/action/STM32F407/tools/toolchain/gcc-arm-none-eabi-10.3-2021.10/bin/../lib/gcc/arm-none-eabi/10.3.1/../../../../arm-none-eabi/lib/thumb/v7e-m+fp/hard/libc_nano.a(lib_a-impure.o)
                0x000000002000003c                _impure_ptr
 .data.impure_data
                0x0000000020000040       0x60 /home/action/STM32F407/tools/toolchain/gcc-arm-none-eabi-10.3-2021.10/bin/../lib/gcc/arm-none-eabi/10.3.1/../../../../arm-none-eabi/lib/thumb/v7e-m+fp/hard/libc_nano.a(lib_a-impure.o)
                0x00000000200000a0                . = ALIGN (0x4)
                0x00000000200000a0                _edata = .
                0x00000000080050a0                _siccmram = LOADADDR (.ccmram)

.igot.plt       0x00000000200000a0        0x0 load address 0x00000000080050a0
 .igot.plt      0x00000000200000a0        0x0 /home/action/STM32F407/tools/toolchain/gcc-arm-none-eabi-10.3-2021.10/bin/../lib/gcc/arm-none-eabi/10.3.1/thumb/v7e-m+fp/hard/crtbegin.o

.ccmram         0x0000000010000000        0x0 load address 0x00000000080050a0
                0x0000000010000000                . = ALIGN (0x4)
                0x0000000010000000                _sccmram = .
 *(.ccmram)
 *(.ccmram*)
                0x0000000010000000                . = ALIGN (0x4)
                0x0000000010000000                _eccmram = .
                0x0000000010000000                . = ALIGN (0x4)

.bss            0x00000000200000a0     0x1c0c
                0x00000000200000a0                _sbss = .
                0x00000000200000a0                __bss_start__ = _sbss
 *(.bss)
 .bss           0x00000000200000a0       0x1c /home/action/STM32F407/tools/toolchain/gcc-arm-none-eabi-10.3-2021.10/bin/../lib/gcc/arm-none-eabi/10.3.1/thumb/v7e-m+fp/hard/crtbegin.o
 *(.bss*)
 .bss.need_recovery_guide
                0x00000000200000bc        0x1 output/xcplus_boot/boot/bootloder.o
                0x00000000200000bc                need_recovery_guide
 .bss.bl_successful
                0x00000000200000bd        0x1 output/xcplus_boot/boot/bootloder.o
                0x00000000200000bd                bl_successful
 *fill*         0x00000000200000be        0x2 
 .bss.uart_buff
                0x00000000200000c0      0x200 output/xcplus_boot/boot/bootloder.o
 .bss.bl_ctrl   0x00000000200002c0     0x10a0 output/xcplus_boot/boot/bootloder.o
 .bss.last_ptktime
                0x0000000020001360        0x4 output/xcplus_boot/boot/bootloder.o
 .bss.serial_rb
                0x0000000020001364        0x4 output/xcplus_boot/boot/bootloder.o
 .bss.time      0x0000000020001368        0x4 output/xcplus_boot/boot/bootloder.o
                0x0000000020001368                time
 .bss.last_passed_time.3
                0x000000002000136c        0x4 output/xcplus_boot/boot/bootloder.o
 .bss.led_state
                0x0000000020001370        0x1 output/xcplus_boot/boot/led.o
 *fill*         0x0000000020001371        0x3 
 .bss.bl_uart_recv_cb
                0x0000000020001374        0x4 output/xcplus_boot/boot/usart.o
 .bss.ticks     0x0000000020001378        0x4 output/xcplus_boot/boot/utils.o
 .bss.inited    0x000000002000137c        0x1 output/xcplus_boot/third_lib/crc/crc32.o
 *fill*         0x000000002000137d        0x3 
 .bss.crc32_table
                0x0000000020001380      0x400 output/xcplus_boot/third_lib/crc/crc32.o
 .bss.stime.0   0x0000000020001780       0x20 output/xcplus_boot/third_lib/easylogger/port/elog_port.o
 .bss.elog      0x00000000200017a0       0xf8 output/xcplus_boot/third_lib/easylogger/src/elog.o
 .bss.log_buf   0x0000000020001898      0x400 output/xcplus_boot/third_lib/easylogger/src/elog.o
 .bss.elog_assert_hook
                0x0000000020001c98        0x4 output/xcplus_boot/third_lib/easylogger/src/elog.o
                0x0000000020001c98                elog_assert_hook
 .bss.__malloc_free_list
                0x0000000020001c9c        0x4 /home/action/STM32F407/tools/toolchain/gcc-arm-none-eabi-10.3-2021.10/bin/../lib/gcc/arm-none-eabi/10.3.1/../../../../arm-none-eabi/lib/thumb/v7e-m+fp/hard/libc_nano.a(lib_a-nano-mallocr.o)
                0x0000000020001c9c                __malloc_free_list
 .bss.__malloc_sbrk_start
                0x0000000020001ca0        0x4 /home/action/STM32F407/tools/toolchain/gcc-arm-none-eabi-10.3-2021.10/bin/../lib/gcc/arm-none-eabi/10.3.1/../../../../arm-none-eabi/lib/thumb/v7e-m+fp/hard/libc_nano.a(lib_a-nano-mallocr.o)
                0x0000000020001ca0                __malloc_sbrk_start
 .bss.errno     0x0000000020001ca4        0x4 /home/action/STM32F407/tools/toolchain/gcc-arm-none-eabi-10.3-2021.10/bin/../lib/gcc/arm-none-eabi/10.3.1/../../../../arm-none-eabi/lib/thumb/v7e-m+fp/hard/libc_nano.a(lib_a-reent.o)
                0x0000000020001ca4                errno
 .bss.__lock___malloc_recursive_mutex
                0x0000000020001ca8        0x1 /home/action/STM32F407/tools/toolchain/gcc-arm-none-eabi-10.3-2021.10/bin/../lib/gcc/arm-none-eabi/10.3.1/../../../../arm-none-eabi/lib/thumb/v7e-m+fp/hard/libc_nano.a(lib_a-lock.o)
                0x0000000020001ca8                __lock___malloc_recursive_mutex
 *(COMMON)
                0x0000000020001cac                . = ALIGN (0x4)
 *fill*         0x0000000020001ca9        0x3 
                0x0000000020001cac                _ebss = .
                0x0000000020001cac                __bss_end__ = _ebss

._user_heap_stack
                0x0000000020001cac      0x604
                0x0000000020001cb0                . = ALIGN (0x8)
 *fill*         0x0000000020001cac        0x4 
                [!provide]                        PROVIDE (end = .)
                [!provide]                        PROVIDE (_end = .)
                0x0000000020001eb0                . = (. + _Min_Heap_Size)
 *fill*         0x0000000020001cb0      0x200 
                0x00000000200022b0                . = (. + _Min_Stack_Size)
 *fill*         0x0000000020001eb0      0x400 
                0x00000000200022b0                . = ALIGN (0x8)

/DISCARD/
 libc.a(*)
 libm.a(*)
 libgcc.a(*)

.ARM.attributes
                0x0000000000000000       0x30
 *(.ARM.attributes)
 .ARM.attributes
                0x0000000000000000       0x1e /home/action/STM32F407/tools/toolchain/gcc-arm-none-eabi-10.3-2021.10/bin/../lib/gcc/arm-none-eabi/10.3.1/thumb/v7e-m+fp/hard/crti.o
 .ARM.attributes
                0x000000000000001e       0x34 /home/action/STM32F407/tools/toolchain/gcc-arm-none-eabi-10.3-2021.10/bin/../lib/gcc/arm-none-eabi/10.3.1/thumb/v7e-m+fp/hard/crtbegin.o
 .ARM.attributes
                0x0000000000000052       0x34 output/xcplus_boot/boot/arginfo.o
 .ARM.attributes
                0x0000000000000086       0x34 output/xcplus_boot/boot/bootloder.o
 .ARM.attributes
                0x00000000000000ba       0x34 output/xcplus_boot/boot/button.o
 .ARM.attributes
                0x00000000000000ee       0x34 output/xcplus_boot/boot/led.o
 .ARM.attributes
                0x0000000000000122       0x34 output/xcplus_boot/boot/low_level.o
 .ARM.attributes
                0x0000000000000156       0x34 output/xcplus_boot/boot/main.o
 .ARM.attributes
                0x000000000000018a       0x34 output/xcplus_boot/boot/norflash.o
 .ARM.attributes
                0x00000000000001be       0x34 output/xcplus_boot/boot/usart.o
 .ARM.attributes
                0x00000000000001f2       0x34 output/xcplus_boot/boot/utils.o
 .ARM.attributes
                0x0000000000000226       0x21 output/xcplus_boot/platform/cmsis/device/startup_stm32f40_41xxx.o
 .ARM.attributes
                0x0000000000000247       0x34 output/xcplus_boot/platform/cmsis/device/system_stm32f4xx.o
 .ARM.attributes
                0x000000000000027b       0x34 output/xcplus_boot/platform/driver/src/misc.o
 .ARM.attributes
                0x00000000000002af       0x34 output/xcplus_boot/platform/driver/src/stm32f4xx_flash.o
 .ARM.attributes
                0x00000000000002e3       0x34 output/xcplus_boot/platform/driver/src/stm32f4xx_gpio.o
 .ARM.attributes
                0x0000000000000317       0x34 output/xcplus_boot/platform/driver/src/stm32f4xx_rcc.o
 .ARM.attributes
                0x000000000000034b       0x34 output/xcplus_boot/platform/driver/src/stm32f4xx_usart.o
 .ARM.attributes
                0x000000000000037f       0x34 output/xcplus_boot/third_lib/crc/crc32.o
 .ARM.attributes
                0x00000000000003b3       0x34 output/xcplus_boot/third_lib/easylogger/port/elog_port.o
 .ARM.attributes
                0x00000000000003e7       0x34 output/xcplus_boot/third_lib/easylogger/src/elog.o
 .ARM.attributes
                0x000000000000041b       0x34 output/xcplus_boot/third_lib/easylogger/src/elog_util.o
 .ARM.attributes
                0x000000000000044f       0x34 output/xcplus_boot/third_lib/ringbuffer/ringbuffer8.o
 .ARM.attributes
                0x0000000000000483       0x34 /home/action/STM32F407/tools/toolchain/gcc-arm-none-eabi-10.3-2021.10/bin/../lib/gcc/arm-none-eabi/10.3.1/../../../../arm-none-eabi/lib/thumb/v7e-m+fp/hard/libc_nano.a(lib_a-impure.o)
 .ARM.attributes
                0x00000000000004b7       0x1c /home/action/STM32F407/tools/toolchain/gcc-arm-none-eabi-10.3-2021.10/bin/../lib/gcc/arm-none-eabi/10.3.1/../../../../arm-none-eabi/lib/thumb/v7e-m+fp/hard/libc_nano.a(lib_a-memchr.o)
 .ARM.attributes
                0x00000000000004d3       0x34 /home/action/STM32F407/tools/toolchain/gcc-arm-none-eabi-10.3-2021.10/bin/../lib/gcc/arm-none-eabi/10.3.1/../../../../arm-none-eabi/lib/thumb/v7e-m+fp/hard/libc_nano.a(lib_a-memset.o)
 .ARM.attributes
                0x0000000000000507       0x34 /home/action/STM32F407/tools/toolchain/gcc-arm-none-eabi-10.3-2021.10/bin/../lib/gcc/arm-none-eabi/10.3.1/../../../../arm-none-eabi/lib/thumb/v7e-m+fp/hard/libc_nano.a(lib_a-snprintf.o)
 .ARM.attributes
                0x000000000000053b       0x34 /home/action/STM32F407/tools/toolchain/gcc-arm-none-eabi-10.3-2021.10/bin/../lib/gcc/arm-none-eabi/10.3.1/../../../../arm-none-eabi/lib/thumb/v7e-m+fp/hard/libc_nano.a(lib_a-sprintf.o)
 .ARM.attributes
                0x000000000000056f       0x17 /home/action/STM32F407/tools/toolchain/gcc-arm-none-eabi-10.3-2021.10/bin/../lib/gcc/arm-none-eabi/10.3.1/../../../../arm-none-eabi/lib/thumb/v7e-m+fp/hard/libc_nano.a(lib_a-strlen.o)
 .ARM.attributes
                0x0000000000000586       0x34 /home/action/STM32F407/tools/toolchain/gcc-arm-none-eabi-10.3-2021.10/bin/../lib/gcc/arm-none-eabi/10.3.1/../../../../arm-none-eabi/lib/thumb/v7e-m+fp/hard/libc_nano.a(lib_a-strncmp.o)
 .ARM.attributes
                0x00000000000005ba       0x34 /home/action/STM32F407/tools/toolchain/gcc-arm-none-eabi-10.3-2021.10/bin/../lib/gcc/arm-none-eabi/10.3.1/../../../../arm-none-eabi/lib/thumb/v7e-m+fp/hard/libc_nano.a(lib_a-strstr.o)
 .ARM.attributes
                0x00000000000005ee       0x34 /home/action/STM32F407/tools/toolchain/gcc-arm-none-eabi-10.3-2021.10/bin/../lib/gcc/arm-none-eabi/10.3.1/../../../../arm-none-eabi/lib/thumb/v7e-m+fp/hard/libc_nano.a(lib_a-vsnprintf.o)
 .ARM.attributes
                0x0000000000000622       0x34 /home/action/STM32F407/tools/toolchain/gcc-arm-none-eabi-10.3-2021.10/bin/../lib/gcc/arm-none-eabi/10.3.1/../../../../arm-none-eabi/lib/thumb/v7e-m+fp/hard/libc_nano.a(lib_a-nano-svfprintf.o)
 .ARM.attributes
                0x0000000000000656       0x34 /home/action/STM32F407/tools/toolchain/gcc-arm-none-eabi-10.3-2021.10/bin/../lib/gcc/arm-none-eabi/10.3.1/../../../../arm-none-eabi/lib/thumb/v7e-m+fp/hard/libc_nano.a(lib_a-nano-vfprintf_i.o)
 .ARM.attributes
                0x000000000000068a       0x34 /home/action/STM32F407/tools/toolchain/gcc-arm-none-eabi-10.3-2021.10/bin/../lib/gcc/arm-none-eabi/10.3.1/../../../../arm-none-eabi/lib/thumb/v7e-m+fp/hard/libc_nano.a(lib_a-memcpy-stub.o)
 .ARM.attributes
                0x00000000000006be       0x34 /home/action/STM32F407/tools/toolchain/gcc-arm-none-eabi-10.3-2021.10/bin/../lib/gcc/arm-none-eabi/10.3.1/../../../../arm-none-eabi/lib/thumb/v7e-m+fp/hard/libc_nano.a(lib_a-memmove.o)
 .ARM.attributes
                0x00000000000006f2       0x34 /home/action/STM32F407/tools/toolchain/gcc-arm-none-eabi-10.3-2021.10/bin/../lib/gcc/arm-none-eabi/10.3.1/../../../../arm-none-eabi/lib/thumb/v7e-m+fp/hard/libc_nano.a(lib_a-nano-freer.o)
 .ARM.attributes
                0x0000000000000726       0x34 /home/action/STM32F407/tools/toolchain/gcc-arm-none-eabi-10.3-2021.10/bin/../lib/gcc/arm-none-eabi/10.3.1/../../../../arm-none-eabi/lib/thumb/v7e-m+fp/hard/libc_nano.a(lib_a-nano-mallocr.o)
 .ARM.attributes
                0x000000000000075a       0x34 /home/action/STM32F407/tools/toolchain/gcc-arm-none-eabi-10.3-2021.10/bin/../lib/gcc/arm-none-eabi/10.3.1/../../../../arm-none-eabi/lib/thumb/v7e-m+fp/hard/libc_nano.a(lib_a-nano-reallocr.o)
 .ARM.attributes
                0x000000000000078e       0x34 /home/action/STM32F407/tools/toolchain/gcc-arm-none-eabi-10.3-2021.10/bin/../lib/gcc/arm-none-eabi/10.3.1/../../../../arm-none-eabi/lib/thumb/v7e-m+fp/hard/libc_nano.a(lib_a-sbrkr.o)
 .ARM.attributes
                0x00000000000007c2       0x34 /home/action/STM32F407/tools/toolchain/gcc-arm-none-eabi-10.3-2021.10/bin/../lib/gcc/arm-none-eabi/10.3.1/../../../../arm-none-eabi/lib/thumb/v7e-m+fp/hard/libc_nano.a(lib_a-mlock.o)
 .ARM.attributes
                0x00000000000007f6       0x34 /home/action/STM32F407/tools/toolchain/gcc-arm-none-eabi-10.3-2021.10/bin/../lib/gcc/arm-none-eabi/10.3.1/../../../../arm-none-eabi/lib/thumb/v7e-m+fp/hard/libc_nano.a(lib_a-nano-msizer.o)
 .ARM.attributes
                0x000000000000082a       0x34 /home/action/STM32F407/tools/toolchain/gcc-arm-none-eabi-10.3-2021.10/bin/../lib/gcc/arm-none-eabi/10.3.1/../../../../arm-none-eabi/lib/thumb/v7e-m+fp/hard/libc_nano.a(lib_a-reent.o)
 .ARM.attributes
                0x000000000000085e       0x34 /home/action/STM32F407/tools/toolchain/gcc-arm-none-eabi-10.3-2021.10/bin/../lib/gcc/arm-none-eabi/10.3.1/../../../../arm-none-eabi/lib/thumb/v7e-m+fp/hard/libc_nano.a(lib_a-lock.o)
 .ARM.attributes
                0x0000000000000892       0x1e /home/action/STM32F407/tools/toolchain/gcc-arm-none-eabi-10.3-2021.10/bin/../lib/gcc/arm-none-eabi/10.3.1/thumb/v7e-m+fp/hard/crtn.o
OUTPUT(output/xcplus_boot/boot.elf elf32-littlearm)
LOAD linker stubs
LOAD /home/action/STM32F407/tools/toolchain/gcc-arm-none-eabi-10.3-2021.10/bin/../lib/gcc/arm-none-eabi/10.3.1/../../../../arm-none-eabi/lib/thumb/v7e-m+fp/hard/libc.a
LOAD /home/action/STM32F407/tools/toolchain/gcc-arm-none-eabi-10.3-2021.10/bin/../lib/gcc/arm-none-eabi/10.3.1/../../../../arm-none-eabi/lib/thumb/v7e-m+fp/hard/libm.a
LOAD /home/action/STM32F407/tools/toolchain/gcc-arm-none-eabi-10.3-2021.10/bin/../lib/gcc/arm-none-eabi/10.3.1/thumb/v7e-m+fp/hard/libgcc.a

.debug_info     0x0000000000000000     0x7de8
 .debug_info    0x0000000000000000       0xd9 output/xcplus_boot/boot/arginfo.o
 .debug_info    0x00000000000000d9      0xee9 output/xcplus_boot/boot/bootloder.o
 .debug_info    0x0000000000000fc2      0x2c5 output/xcplus_boot/boot/button.o
 .debug_info    0x0000000000001287      0x31c output/xcplus_boot/boot/led.o
 .debug_info    0x00000000000015a3       0xb2 output/xcplus_boot/boot/low_level.o
 .debug_info    0x0000000000001655      0x185 output/xcplus_boot/boot/main.o
 .debug_info    0x00000000000017da      0x372 output/xcplus_boot/boot/norflash.o
 .debug_info    0x0000000000001b4c     0x10d3 output/xcplus_boot/boot/usart.o
 .debug_info    0x0000000000002c1f      0x733 output/xcplus_boot/boot/utils.o
 .debug_info    0x0000000000003352       0x22 output/xcplus_boot/platform/cmsis/device/startup_stm32f40_41xxx.o
 .debug_info    0x0000000000003374      0x63e output/xcplus_boot/platform/cmsis/device/system_stm32f4xx.o
 .debug_info    0x00000000000039b2      0x55c output/xcplus_boot/platform/driver/src/misc.o
 .debug_info    0x0000000000003f0e      0x98d output/xcplus_boot/platform/driver/src/stm32f4xx_flash.o
 .debug_info    0x000000000000489b      0x636 output/xcplus_boot/platform/driver/src/stm32f4xx_gpio.o
 .debug_info    0x0000000000004ed1      0xf02 output/xcplus_boot/platform/driver/src/stm32f4xx_rcc.o
 .debug_info    0x0000000000005dd3      0xa32 output/xcplus_boot/platform/driver/src/stm32f4xx_usart.o
 .debug_info    0x0000000000006805      0x19e output/xcplus_boot/third_lib/crc/crc32.o
 .debug_info    0x00000000000069a3      0x31f output/xcplus_boot/third_lib/easylogger/port/elog_port.o
 .debug_info    0x0000000000006cc2      0xb81 output/xcplus_boot/third_lib/easylogger/src/elog.o
 .debug_info    0x0000000000007843      0x242 output/xcplus_boot/third_lib/easylogger/src/elog_util.o
 .debug_info    0x0000000000007a85      0x363 output/xcplus_boot/third_lib/ringbuffer/ringbuffer8.o

.debug_abbrev   0x0000000000000000     0x1ea1
 .debug_abbrev  0x0000000000000000       0x93 output/xcplus_boot/boot/arginfo.o
 .debug_abbrev  0x0000000000000093      0x32e output/xcplus_boot/boot/bootloder.o
 .debug_abbrev  0x00000000000003c1      0x115 output/xcplus_boot/boot/button.o
 .debug_abbrev  0x00000000000004d6      0x140 output/xcplus_boot/boot/led.o
 .debug_abbrev  0x0000000000000616       0x6f output/xcplus_boot/boot/low_level.o
 .debug_abbrev  0x0000000000000685      0x12c output/xcplus_boot/boot/main.o
 .debug_abbrev  0x00000000000007b1      0x11a output/xcplus_boot/boot/norflash.o
 .debug_abbrev  0x00000000000008cb      0x2d4 output/xcplus_boot/boot/usart.o
 .debug_abbrev  0x0000000000000b9f      0x1e0 output/xcplus_boot/boot/utils.o
 .debug_abbrev  0x0000000000000d7f       0x12 output/xcplus_boot/platform/cmsis/device/startup_stm32f40_41xxx.o
 .debug_abbrev  0x0000000000000d91      0x165 output/xcplus_boot/platform/cmsis/device/system_stm32f4xx.o
 .debug_abbrev  0x0000000000000ef6      0x170 output/xcplus_boot/platform/driver/src/misc.o
 .debug_abbrev  0x0000000000001066      0x19e output/xcplus_boot/platform/driver/src/stm32f4xx_flash.o
 .debug_abbrev  0x0000000000001204      0x1c0 output/xcplus_boot/platform/driver/src/stm32f4xx_gpio.o
 .debug_abbrev  0x00000000000013c4      0x1d3 output/xcplus_boot/platform/driver/src/stm32f4xx_rcc.o
 .debug_abbrev  0x0000000000001597      0x182 output/xcplus_boot/platform/driver/src/stm32f4xx_usart.o
 .debug_abbrev  0x0000000000001719       0xf5 output/xcplus_boot/third_lib/crc/crc32.o
 .debug_abbrev  0x000000000000180e      0x1c4 output/xcplus_boot/third_lib/easylogger/port/elog_port.o
 .debug_abbrev  0x00000000000019d2      0x296 output/xcplus_boot/third_lib/easylogger/src/elog.o
 .debug_abbrev  0x0000000000001c68      0x115 output/xcplus_boot/third_lib/easylogger/src/elog_util.o
 .debug_abbrev  0x0000000000001d7d      0x124 output/xcplus_boot/third_lib/ringbuffer/ringbuffer8.o

.debug_aranges  0x0000000000000000      0x9b8
 .debug_aranges
                0x0000000000000000       0x20 output/xcplus_boot/boot/arginfo.o
 .debug_aranges
                0x0000000000000020       0xb8 output/xcplus_boot/boot/bootloder.o
 .debug_aranges
                0x00000000000000d8       0x28 output/xcplus_boot/boot/button.o
 .debug_aranges
                0x0000000000000100       0x40 output/xcplus_boot/boot/led.o
 .debug_aranges
                0x0000000000000140       0x20 output/xcplus_boot/boot/low_level.o
 .debug_aranges
                0x0000000000000160       0x40 output/xcplus_boot/boot/main.o
 .debug_aranges
                0x00000000000001a0       0x40 output/xcplus_boot/boot/norflash.o
 .debug_aranges
                0x00000000000001e0       0x58 output/xcplus_boot/boot/usart.o
 .debug_aranges
                0x0000000000000238       0x48 output/xcplus_boot/boot/utils.o
 .debug_aranges
                0x0000000000000280       0x28 output/xcplus_boot/platform/cmsis/device/startup_stm32f40_41xxx.o
 .debug_aranges
                0x00000000000002a8       0x30 output/xcplus_boot/platform/cmsis/device/system_stm32f4xx.o
 .debug_aranges
                0x00000000000002d8       0x40 output/xcplus_boot/platform/driver/src/misc.o
 .debug_aranges
                0x0000000000000318      0x158 output/xcplus_boot/platform/driver/src/stm32f4xx_flash.o
 .debug_aranges
                0x0000000000000470       0x88 output/xcplus_boot/platform/driver/src/stm32f4xx_gpio.o
 .debug_aranges
                0x00000000000004f8      0x1c0 output/xcplus_boot/platform/driver/src/stm32f4xx_rcc.o
 .debug_aranges
                0x00000000000006b8      0x100 output/xcplus_boot/platform/driver/src/stm32f4xx_usart.o
 .debug_aranges
                0x00000000000007b8       0x30 output/xcplus_boot/third_lib/crc/crc32.o
 .debug_aranges
                0x00000000000007e8       0x58 output/xcplus_boot/third_lib/easylogger/port/elog_port.o
 .debug_aranges
                0x0000000000000840       0xe8 output/xcplus_boot/third_lib/easylogger/src/elog.o
 .debug_aranges
                0x0000000000000928       0x30 output/xcplus_boot/third_lib/easylogger/src/elog_util.o
 .debug_aranges
                0x0000000000000958       0x60 output/xcplus_boot/third_lib/ringbuffer/ringbuffer8.o

.debug_ranges   0x0000000000000000      0x890
 .debug_ranges  0x0000000000000000       0x10 output/xcplus_boot/boot/arginfo.o
 .debug_ranges  0x0000000000000010       0xc8 output/xcplus_boot/boot/bootloder.o
 .debug_ranges  0x00000000000000d8       0x18 output/xcplus_boot/boot/button.o
 .debug_ranges  0x00000000000000f0       0x30 output/xcplus_boot/boot/led.o
 .debug_ranges  0x0000000000000120       0x10 output/xcplus_boot/boot/low_level.o
 .debug_ranges  0x0000000000000130       0x30 output/xcplus_boot/boot/main.o
 .debug_ranges  0x0000000000000160       0x30 output/xcplus_boot/boot/norflash.o
 .debug_ranges  0x0000000000000190       0x48 output/xcplus_boot/boot/usart.o
 .debug_ranges  0x00000000000001d8       0x38 output/xcplus_boot/boot/utils.o
 .debug_ranges  0x0000000000000210       0x20 output/xcplus_boot/platform/cmsis/device/startup_stm32f40_41xxx.o
 .debug_ranges  0x0000000000000230       0x20 output/xcplus_boot/platform/cmsis/device/system_stm32f4xx.o
 .debug_ranges  0x0000000000000250       0x30 output/xcplus_boot/platform/driver/src/misc.o
 .debug_ranges  0x0000000000000280      0x148 output/xcplus_boot/platform/driver/src/stm32f4xx_flash.o
 .debug_ranges  0x00000000000003c8       0x78 output/xcplus_boot/platform/driver/src/stm32f4xx_gpio.o
 .debug_ranges  0x0000000000000440      0x1b0 output/xcplus_boot/platform/driver/src/stm32f4xx_rcc.o
 .debug_ranges  0x00000000000005f0       0xf0 output/xcplus_boot/platform/driver/src/stm32f4xx_usart.o
 .debug_ranges  0x00000000000006e0       0x20 output/xcplus_boot/third_lib/crc/crc32.o
 .debug_ranges  0x0000000000000700       0x48 output/xcplus_boot/third_lib/easylogger/port/elog_port.o
 .debug_ranges  0x0000000000000748       0xd8 output/xcplus_boot/third_lib/easylogger/src/elog.o
 .debug_ranges  0x0000000000000820       0x20 output/xcplus_boot/third_lib/easylogger/src/elog_util.o
 .debug_ranges  0x0000000000000840       0x50 output/xcplus_boot/third_lib/ringbuffer/ringbuffer8.o

.debug_line     0x0000000000000000     0x5194
 .debug_line    0x0000000000000000      0x143 output/xcplus_boot/boot/arginfo.o
 .debug_line    0x0000000000000143      0x7e1 output/xcplus_boot/boot/bootloder.o
 .debug_line    0x0000000000000924      0x19e output/xcplus_boot/boot/button.o
 .debug_line    0x0000000000000ac2      0x1f8 output/xcplus_boot/boot/led.o
 .debug_line    0x0000000000000cba      0x157 output/xcplus_boot/boot/low_level.o
 .debug_line    0x0000000000000e11      0x1a8 output/xcplus_boot/boot/main.o
 .debug_line    0x0000000000000fb9      0x261 output/xcplus_boot/boot/norflash.o
 .debug_line    0x000000000000121a      0x433 output/xcplus_boot/boot/usart.o
 .debug_line    0x000000000000164d      0x25b output/xcplus_boot/boot/utils.o
 .debug_line    0x00000000000018a8       0x8a output/xcplus_boot/platform/cmsis/device/startup_stm32f40_41xxx.o
 .debug_line    0x0000000000001932      0x2ff output/xcplus_boot/platform/cmsis/device/system_stm32f4xx.o
 .debug_line    0x0000000000001c31      0x293 output/xcplus_boot/platform/driver/src/misc.o
 .debug_line    0x0000000000001ec4      0x7c1 output/xcplus_boot/platform/driver/src/stm32f4xx_flash.o
 .debug_line    0x0000000000002685      0x49e output/xcplus_boot/platform/driver/src/stm32f4xx_gpio.o
 .debug_line    0x0000000000002b23      0xa44 output/xcplus_boot/platform/driver/src/stm32f4xx_rcc.o
 .debug_line    0x0000000000003567      0x6d2 output/xcplus_boot/platform/driver/src/stm32f4xx_usart.o
 .debug_line    0x0000000000003c39      0x1fd output/xcplus_boot/third_lib/crc/crc32.o
 .debug_line    0x0000000000003e36      0x2ec output/xcplus_boot/third_lib/easylogger/port/elog_port.o
 .debug_line    0x0000000000004122      0xb44 output/xcplus_boot/third_lib/easylogger/src/elog.o
 .debug_line    0x0000000000004c66      0x22b output/xcplus_boot/third_lib/easylogger/src/elog_util.o
 .debug_line    0x0000000000004e91      0x303 output/xcplus_boot/third_lib/ringbuffer/ringbuffer8.o

.debug_str      0x0000000000000000     0x2e49
 .debug_str     0x0000000000000000      0x167 output/xcplus_boot/boot/arginfo.o
                                        0x1a9 (size before relaxing)
 .debug_str     0x0000000000000167      0x5c1 output/xcplus_boot/boot/bootloder.o
                                        0x79f (size before relaxing)
 .debug_str     0x0000000000000728      0x1cc output/xcplus_boot/boot/button.o
                                        0x36e (size before relaxing)
 .debug_str     0x00000000000008f4       0x54 output/xcplus_boot/boot/led.o
                                        0x383 (size before relaxing)
 .debug_str     0x0000000000000948       0x31 output/xcplus_boot/boot/low_level.o
                                        0x1a8 (size before relaxing)
 .debug_str     0x0000000000000979       0xbf output/xcplus_boot/boot/main.o
                                        0x264 (size before relaxing)
 .debug_str     0x0000000000000a38       0x9c output/xcplus_boot/boot/norflash.o
                                        0x32a (size before relaxing)
 .debug_str     0x0000000000000ad4      0xacd output/xcplus_boot/boot/usart.o
                                        0xe73 (size before relaxing)
 .debug_str     0x00000000000015a1       0xb9 output/xcplus_boot/boot/utils.o
                                        0x815 (size before relaxing)
 .debug_str     0x000000000000165a       0x3d output/xcplus_boot/platform/cmsis/device/startup_stm32f40_41xxx.o
                                         0x54 (size before relaxing)
 .debug_str     0x0000000000001697      0x18f output/xcplus_boot/platform/cmsis/device/system_stm32f4xx.o
                                        0x3f4 (size before relaxing)
 .debug_str     0x0000000000001826       0xf7 output/xcplus_boot/platform/driver/src/misc.o
                                        0x3e4 (size before relaxing)
 .debug_str     0x000000000000191d      0x407 output/xcplus_boot/platform/driver/src/stm32f4xx_flash.o
                                        0x6b5 (size before relaxing)
 .debug_str     0x0000000000001d24      0x16c output/xcplus_boot/platform/driver/src/stm32f4xx_gpio.o
                                        0x4af (size before relaxing)
 .debug_str     0x0000000000001e90      0x698 output/xcplus_boot/platform/driver/src/stm32f4xx_rcc.o
                                        0x9d8 (size before relaxing)
 .debug_str     0x0000000000002528      0x38c output/xcplus_boot/platform/driver/src/stm32f4xx_usart.o
                                        0x6a5 (size before relaxing)
 .debug_str     0x00000000000028b4       0x50 output/xcplus_boot/third_lib/crc/crc32.o
                                        0x1de (size before relaxing)
 .debug_str     0x0000000000002904       0xe7 output/xcplus_boot/third_lib/easylogger/port/elog_port.o
                                        0x315 (size before relaxing)
 .debug_str     0x00000000000029eb      0x381 output/xcplus_boot/third_lib/easylogger/src/elog.o
                                        0x698 (size before relaxing)
 .debug_str     0x0000000000002d6c       0x62 output/xcplus_boot/third_lib/easylogger/src/elog_util.o
                                        0x218 (size before relaxing)
 .debug_str     0x0000000000002dce       0x7b output/xcplus_boot/third_lib/ringbuffer/ringbuffer8.o
                                        0x269 (size before relaxing)

.comment        0x0000000000000000       0x49
 .comment       0x0000000000000000       0x49 output/xcplus_boot/boot/arginfo.o
                                         0x4a (size before relaxing)
 .comment       0x0000000000000049       0x4a output/xcplus_boot/boot/bootloder.o
 .comment       0x0000000000000049       0x4a output/xcplus_boot/boot/button.o
 .comment       0x0000000000000049       0x4a output/xcplus_boot/boot/led.o
 .comment       0x0000000000000049       0x4a output/xcplus_boot/boot/low_level.o
 .comment       0x0000000000000049       0x4a output/xcplus_boot/boot/main.o
 .comment       0x0000000000000049       0x4a output/xcplus_boot/boot/norflash.o
 .comment       0x0000000000000049       0x4a output/xcplus_boot/boot/usart.o
 .comment       0x0000000000000049       0x4a output/xcplus_boot/boot/utils.o
 .comment       0x0000000000000049       0x4a output/xcplus_boot/platform/cmsis/device/system_stm32f4xx.o
 .comment       0x0000000000000049       0x4a output/xcplus_boot/platform/driver/src/misc.o
 .comment       0x0000000000000049       0x4a output/xcplus_boot/platform/driver/src/stm32f4xx_flash.o
 .comment       0x0000000000000049       0x4a output/xcplus_boot/platform/driver/src/stm32f4xx_gpio.o
 .comment       0x0000000000000049       0x4a output/xcplus_boot/platform/driver/src/stm32f4xx_rcc.o
 .comment       0x0000000000000049       0x4a output/xcplus_boot/platform/driver/src/stm32f4xx_usart.o
 .comment       0x0000000000000049       0x4a output/xcplus_boot/third_lib/crc/crc32.o
 .comment       0x0000000000000049       0x4a output/xcplus_boot/third_lib/easylogger/port/elog_port.o
 .comment       0x0000000000000049       0x4a output/xcplus_boot/third_lib/easylogger/src/elog.o
 .comment       0x0000000000000049       0x4a output/xcplus_boot/third_lib/easylogger/src/elog_util.o
 .comment       0x0000000000000049       0x4a output/xcplus_boot/third_lib/ringbuffer/ringbuffer8.o

.debug_frame    0x0000000000000000     0x2a5c
 .debug_frame   0x0000000000000000       0x38 output/xcplus_boot/boot/arginfo.o
 .debug_frame   0x0000000000000038      0x2e8 output/xcplus_boot/boot/bootloder.o
 .debug_frame   0x0000000000000320       0x50 output/xcplus_boot/boot/button.o
 .debug_frame   0x0000000000000370       0xac output/xcplus_boot/boot/led.o
 .debug_frame   0x000000000000041c       0x2c output/xcplus_boot/boot/low_level.o
 .debug_frame   0x0000000000000448       0xb4 output/xcplus_boot/boot/main.o
 .debug_frame   0x00000000000004fc       0xcc output/xcplus_boot/boot/norflash.o
 .debug_frame   0x00000000000005c8      0x128 output/xcplus_boot/boot/usart.o
 .debug_frame   0x00000000000006f0       0xe0 output/xcplus_boot/boot/utils.o
 .debug_frame   0x00000000000007d0       0x7c output/xcplus_boot/platform/cmsis/device/system_stm32f4xx.o
 .debug_frame   0x000000000000084c       0xd8 output/xcplus_boot/platform/driver/src/misc.o
 .debug_frame   0x0000000000000924      0x5b0 output/xcplus_boot/platform/driver/src/stm32f4xx_flash.o
 .debug_frame   0x0000000000000ed4      0x23c output/xcplus_boot/platform/driver/src/stm32f4xx_gpio.o
 .debug_frame   0x0000000000001110      0x83c output/xcplus_boot/platform/driver/src/stm32f4xx_rcc.o
 .debug_frame   0x000000000000194c      0x490 output/xcplus_boot/platform/driver/src/stm32f4xx_usart.o
 .debug_frame   0x0000000000001ddc       0x80 output/xcplus_boot/third_lib/crc/crc32.o
 .debug_frame   0x0000000000001e5c      0x114 output/xcplus_boot/third_lib/easylogger/port/elog_port.o
 .debug_frame   0x0000000000001f70      0x3d0 output/xcplus_boot/third_lib/easylogger/src/elog.o
 .debug_frame   0x0000000000002340       0x88 output/xcplus_boot/third_lib/easylogger/src/elog_util.o
 .debug_frame   0x00000000000023c8      0x164 output/xcplus_boot/third_lib/ringbuffer/ringbuffer8.o
 .debug_frame   0x000000000000252c       0x20 /home/action/STM32F407/tools/toolchain/gcc-arm-none-eabi-10.3-2021.10/bin/../lib/gcc/arm-none-eabi/10.3.1/../../../../arm-none-eabi/lib/thumb/v7e-m+fp/hard/libc_nano.a(lib_a-memset.o)
 .debug_frame   0x000000000000254c       0x7c /home/action/STM32F407/tools/toolchain/gcc-arm-none-eabi-10.3-2021.10/bin/../lib/gcc/arm-none-eabi/10.3.1/../../../../arm-none-eabi/lib/thumb/v7e-m+fp/hard/libc_nano.a(lib_a-snprintf.o)
 .debug_frame   0x00000000000025c8       0x6c /home/action/STM32F407/tools/toolchain/gcc-arm-none-eabi-10.3-2021.10/bin/../lib/gcc/arm-none-eabi/10.3.1/../../../../arm-none-eabi/lib/thumb/v7e-m+fp/hard/libc_nano.a(lib_a-sprintf.o)
 .debug_frame   0x0000000000002634       0x28 /home/action/STM32F407/tools/toolchain/gcc-arm-none-eabi-10.3-2021.10/bin/../lib/gcc/arm-none-eabi/10.3.1/../../../../arm-none-eabi/lib/thumb/v7e-m+fp/hard/libc_nano.a(lib_a-strncmp.o)
 .debug_frame   0x000000000000265c       0x2c /home/action/STM32F407/tools/toolchain/gcc-arm-none-eabi-10.3-2021.10/bin/../lib/gcc/arm-none-eabi/10.3.1/../../../../arm-none-eabi/lib/thumb/v7e-m+fp/hard/libc_nano.a(lib_a-strstr.o)
 .debug_frame   0x0000000000002688       0x4c /home/action/STM32F407/tools/toolchain/gcc-arm-none-eabi-10.3-2021.10/bin/../lib/gcc/arm-none-eabi/10.3.1/../../../../arm-none-eabi/lib/thumb/v7e-m+fp/hard/libc_nano.a(lib_a-vsnprintf.o)
 .debug_frame   0x00000000000026d4       0x90 /home/action/STM32F407/tools/toolchain/gcc-arm-none-eabi-10.3-2021.10/bin/../lib/gcc/arm-none-eabi/10.3.1/../../../../arm-none-eabi/lib/thumb/v7e-m+fp/hard/libc_nano.a(lib_a-nano-svfprintf.o)
 .debug_frame   0x0000000000002764       0x60 /home/action/STM32F407/tools/toolchain/gcc-arm-none-eabi-10.3-2021.10/bin/../lib/gcc/arm-none-eabi/10.3.1/../../../../arm-none-eabi/lib/thumb/v7e-m+fp/hard/libc_nano.a(lib_a-nano-vfprintf_i.o)
 .debug_frame   0x00000000000027c4       0x28 /home/action/STM32F407/tools/toolchain/gcc-arm-none-eabi-10.3-2021.10/bin/../lib/gcc/arm-none-eabi/10.3.1/../../../../arm-none-eabi/lib/thumb/v7e-m+fp/hard/libc_nano.a(lib_a-memcpy-stub.o)
 .debug_frame   0x00000000000027ec       0x28 /home/action/STM32F407/tools/toolchain/gcc-arm-none-eabi-10.3-2021.10/bin/../lib/gcc/arm-none-eabi/10.3.1/../../../../arm-none-eabi/lib/thumb/v7e-m+fp/hard/libc_nano.a(lib_a-memmove.o)
 .debug_frame   0x0000000000002814       0x38 /home/action/STM32F407/tools/toolchain/gcc-arm-none-eabi-10.3-2021.10/bin/../lib/gcc/arm-none-eabi/10.3.1/../../../../arm-none-eabi/lib/thumb/v7e-m+fp/hard/libc_nano.a(lib_a-nano-freer.o)
 .debug_frame   0x000000000000284c       0x4c /home/action/STM32F407/tools/toolchain/gcc-arm-none-eabi-10.3-2021.10/bin/../lib/gcc/arm-none-eabi/10.3.1/../../../../arm-none-eabi/lib/thumb/v7e-m+fp/hard/libc_nano.a(lib_a-nano-mallocr.o)
 .debug_frame   0x0000000000002898       0x3c /home/action/STM32F407/tools/toolchain/gcc-arm-none-eabi-10.3-2021.10/bin/../lib/gcc/arm-none-eabi/10.3.1/../../../../arm-none-eabi/lib/thumb/v7e-m+fp/hard/libc_nano.a(lib_a-nano-reallocr.o)
 .debug_frame   0x00000000000028d4       0x2c /home/action/STM32F407/tools/toolchain/gcc-arm-none-eabi-10.3-2021.10/bin/../lib/gcc/arm-none-eabi/10.3.1/../../../../arm-none-eabi/lib/thumb/v7e-m+fp/hard/libc_nano.a(lib_a-sbrkr.o)
 .debug_frame   0x0000000000002900       0x30 /home/action/STM32F407/tools/toolchain/gcc-arm-none-eabi-10.3-2021.10/bin/../lib/gcc/arm-none-eabi/10.3.1/../../../../arm-none-eabi/lib/thumb/v7e-m+fp/hard/libc_nano.a(lib_a-mlock.o)
 .debug_frame   0x0000000000002930       0x20 /home/action/STM32F407/tools/toolchain/gcc-arm-none-eabi-10.3-2021.10/bin/../lib/gcc/arm-none-eabi/10.3.1/../../../../arm-none-eabi/lib/thumb/v7e-m+fp/hard/libc_nano.a(lib_a-nano-msizer.o)
 .debug_frame   0x0000000000002950       0x5c /home/action/STM32F407/tools/toolchain/gcc-arm-none-eabi-10.3-2021.10/bin/../lib/gcc/arm-none-eabi/10.3.1/../../../../arm-none-eabi/lib/thumb/v7e-m+fp/hard/libc_nano.a(lib_a-reent.o)
 .debug_frame   0x00000000000029ac       0xb0 /home/action/STM32F407/tools/toolchain/gcc-arm-none-eabi-10.3-2021.10/bin/../lib/gcc/arm-none-eabi/10.3.1/../../../../arm-none-eabi/lib/thumb/v7e-m+fp/hard/libc_nano.a(lib_a-lock.o)

Cross Reference Table

Symbol                                            File
ADC_AnalogWatchdogCmd                             output/xcplus_boot/platform/driver/src/stm32f4xx_adc.o
ADC_AnalogWatchdogSingleChannelConfig             output/xcplus_boot/platform/driver/src/stm32f4xx_adc.o
ADC_AnalogWatchdogThresholdsConfig                output/xcplus_boot/platform/driver/src/stm32f4xx_adc.o
ADC_AutoInjectedConvCmd                           output/xcplus_boot/platform/driver/src/stm32f4xx_adc.o
ADC_ClearFlag                                     output/xcplus_boot/platform/driver/src/stm32f4xx_adc.o
ADC_ClearITPendingBit                             output/xcplus_boot/platform/driver/src/stm32f4xx_adc.o
ADC_Cmd                                           output/xcplus_boot/platform/driver/src/stm32f4xx_adc.o
ADC_CommonInit                                    output/xcplus_boot/platform/driver/src/stm32f4xx_adc.o
ADC_CommonStructInit                              output/xcplus_boot/platform/driver/src/stm32f4xx_adc.o
ADC_ContinuousModeCmd                             output/xcplus_boot/platform/driver/src/stm32f4xx_adc.o
ADC_DMACmd                                        output/xcplus_boot/platform/driver/src/stm32f4xx_adc.o
ADC_DMARequestAfterLastTransferCmd                output/xcplus_boot/platform/driver/src/stm32f4xx_adc.o
ADC_DeInit                                        output/xcplus_boot/platform/driver/src/stm32f4xx_adc.o
ADC_DiscModeChannelCountConfig                    output/xcplus_boot/platform/driver/src/stm32f4xx_adc.o
ADC_DiscModeCmd                                   output/xcplus_boot/platform/driver/src/stm32f4xx_adc.o
ADC_EOCOnEachRegularChannelCmd                    output/xcplus_boot/platform/driver/src/stm32f4xx_adc.o
ADC_ExternalTrigInjectedConvConfig                output/xcplus_boot/platform/driver/src/stm32f4xx_adc.o
ADC_ExternalTrigInjectedConvEdgeConfig            output/xcplus_boot/platform/driver/src/stm32f4xx_adc.o
ADC_GetConversionValue                            output/xcplus_boot/platform/driver/src/stm32f4xx_adc.o
ADC_GetFlagStatus                                 output/xcplus_boot/platform/driver/src/stm32f4xx_adc.o
ADC_GetITStatus                                   output/xcplus_boot/platform/driver/src/stm32f4xx_adc.o
ADC_GetInjectedConversionValue                    output/xcplus_boot/platform/driver/src/stm32f4xx_adc.o
ADC_GetMultiModeConversionValue                   output/xcplus_boot/platform/driver/src/stm32f4xx_adc.o
ADC_GetSoftwareStartConvStatus                    output/xcplus_boot/platform/driver/src/stm32f4xx_adc.o
ADC_GetSoftwareStartInjectedConvCmdStatus         output/xcplus_boot/platform/driver/src/stm32f4xx_adc.o
ADC_IRQHandler                                    output/xcplus_boot/platform/cmsis/device/startup_stm32f40_41xxx.o
ADC_ITConfig                                      output/xcplus_boot/platform/driver/src/stm32f4xx_adc.o
ADC_Init                                          output/xcplus_boot/platform/driver/src/stm32f4xx_adc.o
ADC_InjectedChannelConfig                         output/xcplus_boot/platform/driver/src/stm32f4xx_adc.o
ADC_InjectedDiscModeCmd                           output/xcplus_boot/platform/driver/src/stm32f4xx_adc.o
ADC_InjectedSequencerLengthConfig                 output/xcplus_boot/platform/driver/src/stm32f4xx_adc.o
ADC_MultiModeDMARequestAfterLastTransferCmd       output/xcplus_boot/platform/driver/src/stm32f4xx_adc.o
ADC_RegularChannelConfig                          output/xcplus_boot/platform/driver/src/stm32f4xx_adc.o
ADC_SetInjectedOffset                             output/xcplus_boot/platform/driver/src/stm32f4xx_adc.o
ADC_SoftwareStartConv                             output/xcplus_boot/platform/driver/src/stm32f4xx_adc.o
ADC_SoftwareStartInjectedConv                     output/xcplus_boot/platform/driver/src/stm32f4xx_adc.o
ADC_StructInit                                    output/xcplus_boot/platform/driver/src/stm32f4xx_adc.o
ADC_TempSensorVrefintCmd                          output/xcplus_boot/platform/driver/src/stm32f4xx_adc.o
ADC_VBATCmd                                       output/xcplus_boot/platform/driver/src/stm32f4xx_adc.o
AHBPrescTable                                     output/xcplus_boot/platform/cmsis/device/system_stm32f4xx.o
BusFault_Handler                                  output/xcplus_boot/platform/cmsis/device/startup_stm32f40_41xxx.o
CAN1_RX0_IRQHandler                               output/xcplus_boot/platform/cmsis/device/startup_stm32f40_41xxx.o
CAN1_RX1_IRQHandler                               output/xcplus_boot/platform/cmsis/device/startup_stm32f40_41xxx.o
CAN1_SCE_IRQHandler                               output/xcplus_boot/platform/cmsis/device/startup_stm32f40_41xxx.o
CAN1_TX_IRQHandler                                output/xcplus_boot/platform/cmsis/device/startup_stm32f40_41xxx.o
CAN2_RX0_IRQHandler                               output/xcplus_boot/platform/cmsis/device/startup_stm32f40_41xxx.o
CAN2_RX1_IRQHandler                               output/xcplus_boot/platform/cmsis/device/startup_stm32f40_41xxx.o
CAN2_SCE_IRQHandler                               output/xcplus_boot/platform/cmsis/device/startup_stm32f40_41xxx.o
CAN2_TX_IRQHandler                                output/xcplus_boot/platform/cmsis/device/startup_stm32f40_41xxx.o
CAN_CancelTransmit                                output/xcplus_boot/platform/driver/src/stm32f4xx_can.o
CAN_ClearFlag                                     output/xcplus_boot/platform/driver/src/stm32f4xx_can.o
CAN_ClearITPendingBit                             output/xcplus_boot/platform/driver/src/stm32f4xx_can.o
CAN_DBGFreeze                                     output/xcplus_boot/platform/driver/src/stm32f4xx_can.o
CAN_DeInit                                        output/xcplus_boot/platform/driver/src/stm32f4xx_can.o
CAN_FIFORelease                                   output/xcplus_boot/platform/driver/src/stm32f4xx_can.o
CAN_FilterInit                                    output/xcplus_boot/platform/driver/src/stm32f4xx_can.o
CAN_GetFlagStatus                                 output/xcplus_boot/platform/driver/src/stm32f4xx_can.o
CAN_GetITStatus                                   output/xcplus_boot/platform/driver/src/stm32f4xx_can.o
CAN_GetLSBTransmitErrorCounter                    output/xcplus_boot/platform/driver/src/stm32f4xx_can.o
CAN_GetLastErrorCode                              output/xcplus_boot/platform/driver/src/stm32f4xx_can.o
CAN_GetReceiveErrorCounter                        output/xcplus_boot/platform/driver/src/stm32f4xx_can.o
CAN_ITConfig                                      output/xcplus_boot/platform/driver/src/stm32f4xx_can.o
CAN_Init                                          output/xcplus_boot/platform/driver/src/stm32f4xx_can.o
CAN_MessagePending                                output/xcplus_boot/platform/driver/src/stm32f4xx_can.o
CAN_OperatingModeRequest                          output/xcplus_boot/platform/driver/src/stm32f4xx_can.o
CAN_Receive                                       output/xcplus_boot/platform/driver/src/stm32f4xx_can.o
CAN_SlaveStartBank                                output/xcplus_boot/platform/driver/src/stm32f4xx_can.o
CAN_Sleep                                         output/xcplus_boot/platform/driver/src/stm32f4xx_can.o
CAN_StructInit                                    output/xcplus_boot/platform/driver/src/stm32f4xx_can.o
CAN_TTComModeCmd                                  output/xcplus_boot/platform/driver/src/stm32f4xx_can.o
CAN_Transmit                                      output/xcplus_boot/platform/driver/src/stm32f4xx_can.o
CAN_TransmitStatus                                output/xcplus_boot/platform/driver/src/stm32f4xx_can.o
CAN_WakeUp                                        output/xcplus_boot/platform/driver/src/stm32f4xx_can.o
CRC_CalcBlockCRC                                  output/xcplus_boot/platform/driver/src/stm32f4xx_crc.o
CRC_CalcCRC                                       output/xcplus_boot/platform/driver/src/stm32f4xx_crc.o
CRC_GetCRC                                        output/xcplus_boot/platform/driver/src/stm32f4xx_crc.o
CRC_GetIDRegister                                 output/xcplus_boot/platform/driver/src/stm32f4xx_crc.o
CRC_ResetDR                                       output/xcplus_boot/platform/driver/src/stm32f4xx_crc.o
CRC_SetIDRegister                                 output/xcplus_boot/platform/driver/src/stm32f4xx_crc.o
CRYP_AES_CBC                                      output/xcplus_boot/platform/driver/src/stm32f4xx_cryp_aes.o
CRYP_AES_CCM                                      output/xcplus_boot/platform/driver/src/stm32f4xx_cryp_aes.o
CRYP_AES_CTR                                      output/xcplus_boot/platform/driver/src/stm32f4xx_cryp_aes.o
CRYP_AES_ECB                                      output/xcplus_boot/platform/driver/src/stm32f4xx_cryp_aes.o
CRYP_AES_GCM                                      output/xcplus_boot/platform/driver/src/stm32f4xx_cryp_aes.o
CRYP_Cmd                                          output/xcplus_boot/platform/driver/src/stm32f4xx_cryp.o